08-29 17:20:06.291 21249 21249 E ActivityThread: 	at android.view.ViewGroup.measureChildWithMargins(ViewGroup.java:5990)
08-29 17:20:06.291 21249 21249 E ActivityThread: 	at android.widget.LinearLayout.measureChildBeforeLayout(LinearLayout.java:1465)
08-29 17:20:06.291 21249 21249 E ActivityThread: 	at android.widget.LinearLayout.measureVertical(LinearLayout.java:748)
08-29 17:20:06.291 21249 21249 E ActivityThread: 	at android.widget.LinearLayout.onMeasure(LinearLayout.java:630)
08-29 17:20:06.291 21249 21249 E ActivityThread: 	at android.view.View.measure(View.java:18831)
08-29 17:20:06.291 21249 21249 E ActivityThread: 	at android.view.ViewGroup.measureChildWithMargins(ViewGroup.java:5990)
08-29 17:20:06.291 21249 21249 E ActivityThread: 	at android.widget.FrameLayout.onMeasure(FrameLayout.java:194)
08-29 17:20:06.291 21249 21249 E ActivityThread: 	at android.view.View.measure(View.java:18831)
08-29 17:20:06.291 21249 21249 E ActivityThread: 	at android.view.ViewGroup.measureChildWithMargins(ViewGroup.java:5990)
08-29 17:20:06.291 21249 21249 E ActivityThread: 	at android.widget.LinearLayout.measureChildBeforeLayout(LinearLayout.java:1465)
08-29 17:20:06.291 21249 21249 E ActivityThread: 	at android.widget.LinearLayout.measureVertical(LinearLay
08-29 17:20:42.866  1471 21613 I chatty  : uid=1000 system_server expire 1 line
08-29 17:20:42.908  1471 21614 I chatty  : uid=1000 system_server expire 1 line
08-29 17:20:42.908  1471  1471 I chatty  : uid=1000 system_server expire 6 lines
08-29 17:20:42.913  1471 21615 I chatty  : uid=1000 system_server expire 1 line
08-29 17:20:57.053  1471  1594 I chatty  : uid=1000(system) PackageInstalle expire 3 lines
08-29 17:20:57.209  1471  1566 I chatty  : uid=1000(system) PackageManager expire 27 lines
08-29 17:20:58.465  1471  1534 I chatty  : uid=1000(system) ActivityManager expire 14 lines
08-29 17:20:59.069  1471 21753 I chatty  : uid=1000 system_server expire 1 line
08-29 17:21:01.104  1471  1543 I chatty  : uid=1000(system) android.display expire 3 lines
08-29 17:21:02.342  1471  1485 I chatty  : uid=1000(system) Binder_1 expire 8 lines
08-29 17:21:02.397  1471  1486 I chatty  : uid=1000(system) Binder_2 expire 3 lines
08-29 17:21:02.421  1471  2264 I chatty  : uid=1000(system) Binder_A expire 9 lines
08-29 17:21:02.478  1471  2309 I chatty  : uid=1000(system) Binder_F expire 8 lines
08-29 17:21:02.523  1471  2276 I chatty  : uid=1000(system) Binder_E expire 5 lines
08-29 17:21:02.584  1471  1808 I chatty  : uid=1000(system) Binder_5 expire 8 lines
08-29 17:21:02.615  1471  2707 I chatty  : uid=1000(system) Binder_10 expire 10 lines
08-29 17:21:02.750  1471  1547 I chatty  : uid=1000(system) Binder_3 expire 5 lines
08-29 17:21:03.011  1471  1811 I chatty  : uid=1000(system) Binder_6 expire 2 lines
08-29 17:21:03.560  1471  1813 I chatty  : uid=1000(system) Binder_7 expire 7 lines
08-29 17:21:03.561  1471  2275 I chatty  : uid=1000(system) Binder_D expire 6 lines
08-29 17:21:03.665  1471  2271 I chatty  : uid=1000(system) Binder_C expire 6 lines
08-29 17:21:04.607  1471  1840 I chatty  : uid=1000(system) Binder_9 expire 5 lines
08-29 17:21:04.925  1471  1728 I chatty  : uid=1000(system) Binder_4 expire 22 lines
08-29 17:21:04.975  1471  2267 I chatty  : uid=1000(system) Binder_B expire 3 lines
08-29 17:21:05.072  1471  1827 I chatty  : uid=1000(system) Binder_8 expire 6 lines
08-29 17:21:50.172 21799 21799 E ActivityThread: Activity com.tem.gettogether.activity.order.GongYingShangNewOrderActivity has leaked IntentReceiver com.tem.gettogether.fragment.gongying.GongYingOrderShouHuoFragment$MyReceiver01@b81527 that was originally registered here. Are you missing a call to unregisterReceiver()?
08-29 17:21:50.172 21799 21799 E ActivityThread: android.app.IntentReceiverLeaked: Activity com.tem.gettogether.activity.order.GongYingShangNewOrderActivity has leaked IntentReceiver com.tem.gettogether.fragment.gongying.GongYingOrderShouHuoFragment$MyReceiver01@b81527 that was originally registered here. Are you missing a call to unregisterReceiver()?
08-29 17:21:50.172 21799 21799 E ActivityThread: 	at android.app.LoadedApk$ReceiverDispatcher.<init>(LoadedApk.java:1001)
08-29 17:21:50.172 21799 21799 E ActivityThread: 	at android.app.LoadedApk.getReceiverDispatcher(LoadedApk.java:760)
08-29 17:21:50.172 21799 21799 E ActivityThread: 	at android.app.ContextImpl.registerReceiverInternal(ContextImpl.java:1207)
08-29 17:21:50.172 21799 21799 E ActivityThread: 	at android.app.ContextImpl.registerReceiver(ContextImpl.java:1187)
08-29 17:21:50.172 21799 21799 E ActivityThread: 	at android.app.ContextImpl.registerReceiver(ContextImpl.java:1181)
08-29 17:21:50.172 21799 21799 E ActivityThread: 	at android.content.ContextWrapper.registerReceiver(ContextWrapper.java:565)
08-29 17:21:50.172 21799 21799 E ActivityThread: 	at com.tem.gettogether.fragment.gongying.GongYingOrderShouHuoFragment.onActivityCreated(GongYingOrderShouHuoFragment.java:73)
08-29 17:21:50.172 21799 21799 E ActivityThread: 	at android.support.v4.app.Fragment.performActivityCreated(Fragment.java:2363)
08-29 17:21:50.172 21799 21799 E ActivityThread: 	at android.support.v4.app.FragmentManagerImpl.moveToState(FragmentManager.java:1442)
08-29 17:21:50.172 21799 21799 E ActivityThread: 	at android.support.v4.app.FragmentManagerImpl.moveFragmentToExpectedState(FragmentManager.java:1740)
08-29 17:21:50.172 21799 21799 E ActivityThread: 	at android.support.v4.app.FragmentManagerImpl.moveToState(FragmentManager.java:1809)
08-29 17:21:50.172 21799 21799 E ActivityThread: 	at android.support.v4.app.BackStackRecord.executeOps(BackStackRecord.java:799)
08-29 17:21:50.172 21799 21799 E ActivityThread: 	at android.support.v4.app.FragmentManagerImpl.executeOps(FragmentManager.java:2580)
08-29 17:21:50.172 21799 21799 E ActivityThread: 	at android.support.v4.app.FragmentManagerImpl.executeOpsTogether(FragmentManager.java:2367)
08-29 17:21:50.172 21799 21799 E ActivityThread: 	at android.support.v4.app.FragmentManagerImpl.removeRedundantOperationsAndExecute(FragmentManager.java:2322)
08-29 17:21:50.172 21799 21799 E ActivityThread: 	at android.support.v4.app.FragmentManagerImpl.execSingleAction(FragmentManager.java:2199)
08-29 17:21:50.172 21799 21799 E ActivityThread: 	at android.support.v4.app.BackStackRecord.commitNowAllowingStateLoss(BackStackRecord.java:651)
08-29 17:21:50.172 21799 21799 E ActivityThread: 	at android.support.v4.app.FragmentPagerAdapter.finishUpdate(FragmentPagerAdapter.java:145)
08-29 17:21:50.172 21799 21799 E ActivityThread: 	at android.support.v4.view.ViewPager.populate(ViewPager.java:1236)
08-29 17:21:50.172 21799 21799 E ActivityThread: 	at android.support.v4.view.ViewPager.populate(ViewPager.java:1084)
08-29 17:21:50.172 21799 21799 E ActivityThread: 	at android.support.v4.view.ViewPager.onMeasure(ViewPager.java:1614)
08-29 17:21:50.172 21799 21799 E ActivityThread: 	at android.view.View.measure(View.java:18831)
08-29 17:21:50.172 21799 21799 E ActivityThread: 	at android.view.ViewGroup.measureChildWithMargins(ViewGroup.java:5990)
08-29 17:21:50.172 21799 21799 E ActivityThread: 	at android.widget.LinearLayout.measureChildBeforeLayout(LinearLayout.java:1465)
08-29 17:21:50.172 21799 21799 E ActivityThread: 	at android.widget.LinearLayout.measureVertical(LinearLayout.java:748)
08-29 17:21:50.172 21799 21799 E ActivityThread: 	at android.widget.LinearLayout.onMeasure(LinearLayout.java:630)
08-29 17:21:50.172 21799 21799 E ActivityThread: 	at android.view.View.measure(View.java:18831)
08-29 17:21:50.172 21799 21799 E ActivityThread: 	at android.view.ViewGroup.measureChildWithMargins(ViewGroup.java:5990)
08-29 17:21:50.172 21799 21799 E ActivityThread: 	at android.widget.LinearLayout.measureChildBeforeLayout(LinearLayout.java:1465)
08-29 17:21:50.172 21799 21799 E ActivityThread: 	at android.widget.LinearLayout.measureVertical(LinearLayout.java:748)
08-29 17:21:50.172 21799 21799 E ActivityThread: 	at android.widget.LinearLayout.onMeasure(LinearLayout.java:630)
08-29 17:21:50.172 21799 21799 E ActivityThread: 	at android.view.View.measure(View.java:18831)
08-29 17:21:50.172 21799 21799 E ActivityThread: 	at android.view.ViewGroup.measureChildWithMargins(ViewGroup.java:5990)
08-29 17:21:50.172 21799 21799 E ActivityThread: 	at android.widget.FrameLayout.onMeasure(FrameLayout.java:194)
08-29 17:21:50.172 21799 21799 E ActivityThread: 	at android.support.v7.widget.ContentFrameLayout.onMeasure(ContentFrameLayout.java:139)
08-29 17:21:50.172 21799 21799 E ActivityThread: 	at android.view.View.measure(View.java:18831)
08-29 17:21:50.172 21799 21799 E ActivityThread: 	at android.view.ViewGroup.measureChildWithMargins(ViewGroup.java:5990)
08-29 17:21:50.172 21799 21799 E ActivityThread: 	at android.widget.LinearLayout.measureChildBeforeLayout(LinearLayout.java:1465)
08-29 17:21:50.172 21799 21799 E ActivityThread: 	at android.widget.LinearLayout.measureVertical(LinearLayout.java:748)
08-29 17:21:50.172 21799 21799 E ActivityThread: 	at android.widget.LinearLayout.onMeasure(LinearLayout.java:630)
08-29 17:21:50.172 21799 21799 E ActivityThread: 	at android.view.View.measure(View.java:18831)
08-29 17:21:50.172 21799 21799 E ActivityThread: 	at android.view.ViewGroup.measureChildWithMargins(ViewGroup.java:5990)
08-29 17:21:50.172 21799 21799 E ActivityThread: 	at android.widget.FrameLayout.onMeasure(FrameLayout.java:194)
08-29 17:21:50.172 21799 21799 E ActivityThread: 	at android.view.View.measure(View.java:18831)
08-29 17:21:50.172 21799 21799 E ActivityThread: 	at android.view.ViewGroup.measureChildWithMargins(ViewGroup.java:5990)
08-29 17:21:50.172 21799 21799 E ActivityThread: 	at android.widget.LinearLayout.measureChildBeforeLayout(LinearLayout.java:1465)
08-29 17:21:50.172 21799 21799 E ActivityThread: 	at android.widget.LinearLayout.measureVertical(LinearLayou
08-29 17:21:50.175 21799 21799 E ActivityThread: Activity com.tem.gettogether.activity.order.GongYingShangNewOrderActivity has leaked IntentReceiver com.tem.gettogether.fragment.gongying.GongYingOrderAllFragment$MyReceiver01@53cd93c that was originally registered here. Are you missing a call to unregisterReceiver()?
08-29 17:21:50.175 21799 21799 E ActivityThread: android.app.IntentReceiverLeaked: Activity com.tem.gettogether.activity.order.GongYingShangNewOrderActivity has leaked IntentReceiver com.tem.gettogether.fragment.gongying.GongYingOrderAllFragment$MyReceiver01@53cd93c that was originally registered here. Are you missing a call to unregisterReceiver()?
08-29 17:21:50.175 21799 21799 E ActivityThread: 	at android.app.LoadedApk$ReceiverDispatcher.<init>(LoadedApk.java:1001)
08-29 17:21:50.175 21799 21799 E ActivityThread: 	at android.app.LoadedApk.getReceiverDispatcher(LoadedApk.java:760)
08-29 17:21:50.175 21799 21799 E ActivityThread: 	at android.app.ContextImpl.registerReceiverInternal(ContextImpl.java:1207)
08-29 17:21:50.175 21799 21799 E ActivityThread: 	at android.app.ContextImpl.registerReceiver(ContextImpl.java:1187)
08-29 17:21:50.175 21799 21799 E ActivityThread: 	at android.app.ContextImpl.registerReceiver(ContextImpl.java:1181)
08-29 17:21:50.175 21799 21799 E ActivityThread: 	at android.content.ContextWrapper.registerReceiver(ContextWrapper.java:565)
08-29 17:21:50.175 21799 21799 E ActivityThread: 	at com.tem.gettogether.fragment.gongying.GongYingOrderAllFragment.onActivityCreated(GongYingOrderAllFragment.java:80)
08-29 17:21:50.175 21799 21799 E ActivityThread: 	at android.support.v4.app.Fragment.performActivityCreated(Fragment.java:2363)
08-29 17:21:50.175 21799 21799 E ActivityThread: 	at android.support.v4.app.FragmentManagerImpl.moveToState(FragmentManager.java:1442)
08-29 17:21:50.175 21799 21799 E ActivityThread: 	at android.support.v4.app.FragmentManagerImpl.moveFragmentToExpectedState(FragmentManager.java:1740)
08-29 17:21:50.175 21799 21799 E ActivityThread: 	at android.support.v4.app.FragmentManagerImpl.moveToState(FragmentManager.java:1809)
08-29 17:21:50.175 21799 21799 E ActivityThread: 	at android.support.v4.app.BackStackRecord.executeOps(BackStackRecord.java:799)
08-29 17:21:50.175 21799 21799 E ActivityThread: 	at android.support.v4.app.FragmentManagerImpl.executeOps(FragmentManager.java:2580)
08-29 17:21:50.175 21799 21799 E ActivityThread: 	at android.support.v4.app.FragmentManagerImpl.executeOpsTogether(FragmentManager.java:2367)
08-29 17:21:50.175 21799 21799 E ActivityThread: 	at android.support.v4.app.FragmentManagerImpl.removeRedundantOperationsAndExecute(FragmentManager.java:2322)
08-29 17:21:50.175 21799 21799 E ActivityThread: 	at android.support.v4.app.FragmentManagerImpl.execSingleAction(FragmentManager.java:2199)
08-29 17:21:50.175 21799 21799 E ActivityThread: 	at android.support.v4.app.BackStackRecord.commitNowAllowingStateLoss(BackStackRecord.java:651)
08-29 17:21:50.175 21799 21799 E ActivityThread: 	at android.support.v4.app.FragmentPagerAdapter.finishUpdate(FragmentPagerAdapter.java:145)
08-29 17:21:50.175 21799 21799 E ActivityThread: 	at android.support.v4.view.ViewPager.populate(ViewPager.java:1236)
08-29 17:21:50.175 21799 21799 E ActivityThread: 	at android.support.v4.view.ViewPager.populate(ViewPager.java:1084)
08-29 17:21:50.175 21799 21799 E ActivityThread: 	at android.support.v4.view.ViewPager.onMeasure(ViewPager.java:1614)
08-29 17:21:50.175 21799 21799 E ActivityThread: 	at android.view.View.measure(View.java:18831)
08-29 17:21:50.175 21799 21799 E ActivityThread: 	at android.view.ViewGroup.measureChildWithMargins(ViewGroup.java:5990)
08-29 17:21:50.175 21799 21799 E ActivityThread: 	at android.widget.LinearLayout.measureChildBeforeLayout(LinearLayout.java:1465)
08-29 17:21:50.175 21799 21799 E ActivityThread: 	at android.widget.LinearLayout.measureVertical(LinearLayout.java:748)
08-29 17:21:50.175 21799 21799 E ActivityThread: 	at android.widget.LinearLayout.onMeasure(LinearLayout.java:630)
08-29 17:21:50.175 21799 21799 E ActivityThread: 	at android.view.View.measure(View.java:18831)
08-29 17:21:50.175 21799 21799 E ActivityThread: 	at android.view.ViewGroup.measureChildWithMargins(ViewGroup.java:5990)
08-29 17:21:50.175 21799 21799 E ActivityThread: 	at android.widget.LinearLayout.measureChildBeforeLayout(LinearLayout.java:1465)
08-29 17:21:50.175 21799 21799 E ActivityThread: 	at android.widget.LinearLayout.measureVertical(LinearLayout.java:748)
08-29 17:21:50.175 21799 21799 E ActivityThread: 	at android.widget.LinearLayout.onMeasure(LinearLayout.java:630)
08-29 17:21:50.175 21799 21799 E ActivityThread: 	at android.view.View.measure(View.java:18831)
08-29 17:21:50.175 21799 21799 E ActivityThread: 	at android.view.ViewGroup.measureChildWithMargins(ViewGroup.java:5990)
08-29 17:21:50.175 21799 21799 E ActivityThread: 	at android.widget.FrameLayout.onMeasure(FrameLayout.java:194)
08-29 17:21:50.175 21799 21799 E ActivityThread: 	at android.support.v7.widget.ContentFrameLayout.onMeasure(ContentFrameLayout.java:139)
08-29 17:21:50.175 21799 21799 E ActivityThread: 	at android.view.View.measure(View.java:18831)
08-29 17:21:50.175 21799 21799 E ActivityThread: 	at android.view.ViewGroup.measureChildWithMargins(ViewGroup.java:5990)
08-29 17:21:50.175 21799 21799 E ActivityThread: 	at android.widget.LinearLayout.measureChildBeforeLayout(LinearLayout.java:1465)
08-29 17:21:50.175 21799 21799 E ActivityThread: 	at android.widget.LinearLayout.measureVertical(LinearLayout.java:748)
08-29 17:21:50.175 21799 21799 E ActivityThread: 	at android.widget.LinearLayout.onMeasure(LinearLayout.java:630)
08-29 17:21:50.175 21799 21799 E ActivityThread: 	at android.view.View.measure(View.java:18831)
08-29 17:21:50.175 21799 21799 E ActivityThread: 	at android.view.ViewGroup.measureChildWithMargins(ViewGroup.java:5990)
08-29 17:21:50.175 21799 21799 E ActivityThread: 	at android.widget.FrameLayout.onMeasure(FrameLayout.java:194)
08-29 17:21:50.175 21799 21799 E ActivityThread: 	at android.view.View.measure(View.java:18831)
08-29 17:21:50.175 21799 21799 E ActivityThread: 	at android.view.ViewGroup.measureChildWithMargins(ViewGroup.java:5990)
08-29 17:21:50.175 21799 21799 E ActivityThread: 	at android.widget.LinearLayout.measureChildBeforeLayout(LinearLayout.java:1465)
08-29 17:21:50.175 21799 21799 E ActivityThread: 	at android.widget.LinearLayout.measureVertical(LinearLayout.java:748)
08-29 17:21:50.175 21799 21799 E ActivityThread: 	a
08-29 17:21:50.178 21799 21799 E ActivityThread: Activity com.tem.gettogether.activity.order.GongYingShangNewOrderActivity has leaked IntentReceiver com.tem.gettogether.fragment.gongying.GongYingOrderWangChengFragment$MyReceiver01@6dff079 that was originally registered here. Are you missing a call to unregisterReceiver()?
08-29 17:21:50.178 21799 21799 E ActivityThread: android.app.IntentReceiverLeaked: Activity com.tem.gettogether.activity.order.GongYingShangNewOrderActivity has leaked IntentReceiver com.tem.gettogether.fragment.gongying.GongYingOrderWangChengFragment$MyReceiver01@6dff079 that was originally registered here. Are you missing a call to unregisterReceiver()?
08-29 17:21:50.178 21799 21799 E ActivityThread: 	at android.app.LoadedApk$ReceiverDispatcher.<init>(LoadedApk.java:1001)
08-29 17:21:50.178 21799 21799 E ActivityThread: 	at android.app.LoadedApk.getReceiverDispatcher(LoadedApk.java:760)
08-29 17:21:50.178 21799 21799 E ActivityThread: 	at android.app.ContextImpl.registerReceiverInternal(ContextImpl.java:1207)
08-29 17:21:50.178 21799 21799 E ActivityThread: 	at android.app.ContextImpl.registerReceiver(ContextImpl.java:1187)
08-29 17:21:50.178 21799 21799 E ActivityThread: 	at android.app.ContextImpl.registerReceiver(ContextImpl.java:1181)
08-29 17:21:50.178 21799 21799 E ActivityThread: 	at android.content.ContextWrapper.registerReceiver(ContextWrapper.java:565)
08-29 17:21:50.178 21799 21799 E ActivityThread: 	at com.tem.gettogether.fragment.gongying.GongYingOrderWangChengFragment.onActivityCreated(GongYingOrderWangChengFragment.java:80)
08-29 17:21:50.178 21799 21799 E ActivityThread: 	at android.support.v4.app.Fragment.performActivityCreated(Fragment.java:2363)
08-29 17:21:50.178 21799 21799 E ActivityThread: 	at android.support.v4.app.FragmentManagerImpl.moveToState(FragmentManager.java:1442)
08-29 17:21:50.178 21799 21799 E ActivityThread: 	at android.support.v4.app.FragmentManagerImpl.moveFragmentToExpectedState(FragmentManager.java:1740)
08-29 17:21:50.178 21799 21799 E ActivityThread: 	at android.support.v4.app.FragmentManagerImpl.moveToState(FragmentManager.java:1809)
08-29 17:21:50.178 21799 21799 E ActivityThread: 	at android.support.v4.app.BackStackRecord.executeOps(BackStackRecord.java:799)
08-29 17:21:50.178 21799 21799 E ActivityThread: 	at android.support.v4.app.FragmentManagerImpl.executeOps(FragmentManager.java:2580)
08-29 17:21:50.178 21799 21799 E ActivityThread: 	at android.support.v4.app.FragmentManagerImpl.executeOpsTogether(FragmentManager.java:2367)
08-29 17:21:50.178 21799 21799 E ActivityThread: 	at android.support.v4.app.FragmentManagerImpl.removeRedundantOperationsAndExecute(FragmentManager.java:2322)
08-29 17:21:50.178 21799 21799 E ActivityThread: 	at android.support.v4.app.FragmentManagerImpl.execSingleAction(FragmentManager.java:2199)
08-29 17:21:50.178 21799 21799 E ActivityThread: 	at android.support.v4.app.BackStackRecord.commitNowAllowingStateLoss(BackStackRecord.java:651)
08-29 17:21:50.178 21799 21799 E ActivityThread: 	at android.support.v4.app.FragmentPagerAdapter.finishUpdate(FragmentPagerAdapter.java:145)
08-29 17:21:50.178 21799 21799 E ActivityThread: 	at android.support.v4.view.ViewPager.populate(ViewPager.java:1236)
08-29 17:21:50.178 21799 21799 E ActivityThread: 	at android.support.v4.view.ViewPager.populate(ViewPager.java:1084)
08-29 17:21:50.178 21799 21799 E ActivityThread: 	at android.support.v4.view.ViewPager.onMeasure(ViewPager.java:1614)
08-29 17:21:50.178 21799 21799 E ActivityThread: 	at android.view.View.measure(View.java:18831)
08-29 17:21:50.178 21799 21799 E ActivityThread: 	at android.view.ViewGroup.measureChildWithMargins(ViewGroup.java:5990)
08-29 17:21:50.178 21799 21799 E ActivityThread: 	at android.widget.LinearLayout.measureChildBeforeLayout(LinearLayout.java:1465)
08-29 17:21:50.178 21799 21799 E ActivityThread: 	at android.widget.LinearLayout.measureVertical(LinearLayout.java:748)
08-29 17:21:50.178 21799 21799 E ActivityThread: 	at android.widget.LinearLayout.onMeasure(LinearLayout.java:630)
08-29 17:21:50.178 21799 21799 E ActivityThread: 	at android.view.View.measure(View.java:18831)
08-29 17:21:50.178 21799 21799 E ActivityThread: 	at android.view.ViewGroup.measureChildWithMargins(ViewGroup.java:5990)
08-29 17:21:50.178 21799 21799 E ActivityThread: 	at android.widget.LinearLayout.measureChildBeforeLayout(LinearLayout.java:1465)
08-29 17:21:50.178 21799 21799 E ActivityThread: 	at android.widget.LinearLayout.measureVertical(LinearLayout.java:748)
08-29 17:21:50.178 21799 21799 E ActivityThread: 	at android.widget.LinearLayout.onMeasure(LinearLayout.java:630)
08-29 17:21:50.178 21799 21799 E ActivityThread: 	at android.view.View.measure(View.java:18831)
08-29 17:21:50.178 21799 21799 E ActivityThread: 	at android.view.ViewGroup.measureChildWithMargins(ViewGroup.java:5990)
08-29 17:21:50.178 21799 21799 E ActivityThread: 	at android.widget.FrameLayout.onMeasure(FrameLayout.java:194)
08-29 17:21:50.178 21799 21799 E ActivityThread: 	at android.support.v7.widget.ContentFrameLayout.onMeasure(ContentFrameLayout.java:139)
08-29 17:21:50.178 21799 21799 E ActivityThread: 	at android.view.View.measure(View.java:18831)
08-29 17:21:50.178 21799 21799 E ActivityThread: 	at android.view.ViewGroup.measureChildWithMargins(ViewGroup.java:5990)
08-29 17:21:50.178 21799 21799 E ActivityThread: 	at android.widget.LinearLayout.measureChildBeforeLayout(LinearLayout.java:1465)
08-29 17:21:50.178 21799 21799 E ActivityThread: 	at android.widget.LinearLayout.measureVertical(LinearLayout.java:748)
08-29 17:21:50.178 21799 21799 E ActivityThread: 	at android.widget.LinearLayout.onMeasure(LinearLayout.java:630)
08-29 17:21:50.178 21799 21799 E ActivityThread: 	at android.view.View.measure(View.java:18831)
08-29 17:21:50.178 21799 21799 E ActivityThread: 	at android.view.ViewGroup.measureChildWithMargins(ViewGroup.java:5990)
08-29 17:21:50.178 21799 21799 E ActivityThread: 	at android.widget.FrameLayout.onMeasure(FrameLayout.java:194)
08-29 17:21:50.178 21799 21799 E ActivityThread: 	at android.view.View.measure(View.java:18831)
08-29 17:21:50.178 21799 21799 E ActivityThread: 	at android.view.ViewGroup.measureChildWithMargins(ViewGroup.java:5990)
08-29 17:21:50.178 21799 21799 E ActivityThread: 	at android.widget.LinearLayout.measureChildBeforeLayout(LinearLayout.java:1465)
08-29 17:21:50.178 21799 21799 E ActivityThread: 	at android.widget.LinearLayout.measureVertical(L
08-29 17:21:50.181 21799 21799 E ActivityThread: Activity com.tem.gettogether.activity.order.GongYingShangNewOrderActivity has leaked IntentReceiver com.tem.gettogether.fragment.gongying.GongYingOrderJieKuanFragment$MyReceiver01@cbec072 that was originally registered here. Are you missing a call to unregisterReceiver()?
08-29 17:21:50.181 21799 21799 E ActivityThread: android.app.IntentReceiverLeaked: Activity com.tem.gettogether.activity.order.GongYingShangNewOrderActivity has leaked IntentReceiver com.tem.gettogether.fragment.gongying.GongYingOrderJieKuanFragment$MyReceiver01@cbec072 that was originally registered here. Are you missing a call to unregisterReceiver()?
08-29 17:21:50.181 21799 21799 E ActivityThread: 	at android.app.LoadedApk$ReceiverDispatcher.<init>(LoadedApk.java:1001)
08-29 17:21:50.181 21799 21799 E ActivityThread: 	at android.app.LoadedApk.getReceiverDispatcher(LoadedApk.java:760)
08-29 17:21:50.181 21799 21799 E ActivityThread: 	at android.app.ContextImpl.registerReceiverInternal(ContextImpl.java:1207)
08-29 17:21:50.181 21799 21799 E ActivityThread: 	at android.app.ContextImpl.registerReceiver(ContextImpl.java:1187)
08-29 17:21:50.181 21799 21799 E ActivityThread: 	at android.app.ContextImpl.registerReceiver(ContextImpl.java:1181)
08-29 17:21:50.181 21799 21799 E ActivityThread: 	at android.content.ContextWrapper.registerReceiver(ContextWrapper.java:565)
08-29 17:21:50.181 21799 21799 E ActivityThread: 	at com.tem.gettogether.fragment.gongying.GongYingOrderJieKuanFragment.onActivityCreated(GongYingOrderJieKuanFragment.java:74)
08-29 17:21:50.181 21799 21799 E ActivityThread: 	at android.support.v4.app.Fragment.performActivityCreated(Fragment.java:2363)
08-29 17:21:50.181 21799 21799 E ActivityThread: 	at android.support.v4.app.FragmentManagerImpl.moveToState(FragmentManager.java:1442)
08-29 17:21:50.181 21799 21799 E ActivityThread: 	at android.support.v4.app.FragmentManagerImpl.moveFragmentToExpectedState(FragmentManager.java:1740)
08-29 17:21:50.181 21799 21799 E ActivityThread: 	at android.support.v4.app.FragmentManagerImpl.moveToState(FragmentManager.java:1809)
08-29 17:21:50.181 21799 21799 E ActivityThread: 	at android.support.v4.app.BackStackRecord.executeOps(BackStackRecord.java:799)
08-29 17:21:50.181 21799 21799 E ActivityThread: 	at android.support.v4.app.FragmentManagerImpl.executeOps(FragmentManager.java:2580)
08-29 17:21:50.181 21799 21799 E ActivityThread: 	at android.support.v4.app.FragmentManagerImpl.executeOpsTogether(FragmentManager.java:2367)
08-29 17:21:50.181 21799 21799 E ActivityThread: 	at android.support.v4.app.FragmentManagerImpl.removeRedundantOperationsAndExecute(FragmentManager.java:2322)
08-29 17:21:50.181 21799 21799 E ActivityThread: 	at android.support.v4.app.FragmentManagerImpl.execSingleAction(FragmentManager.java:2199)
08-29 17:21:50.181 21799 21799 E ActivityThread: 	at android.support.v4.app.BackStackRecord.commitNowAllowingStateLoss(BackStackRecord.java:651)
08-29 17:21:50.181 21799 21799 E ActivityThread: 	at android.support.v4.app.FragmentPagerAdapter.finishUpdate(FragmentPagerAdapter.java:145)
08-29 17:21:50.181 21799 21799 E ActivityThread: 	at android.support.v4.view.ViewPager.populate(ViewPager.java:1236)
08-29 17:21:50.181 21799 21799 E ActivityThread: 	at android.support.v4.view.ViewPager.populate(ViewPager.java:1084)
08-29 17:21:50.181 21799 21799 E ActivityThread: 	at android.support.v4.view.ViewPager.onMeasure(ViewPager.java:1614)
08-29 17:21:50.181 21799 21799 E ActivityThread: 	at android.view.View.measure(View.java:18831)
08-29 17:21:50.181 21799 21799 E ActivityThread: 	at android.view.ViewGroup.measureChildWithMargins(ViewGroup.java:5990)
08-29 17:21:50.181 21799 21799 E ActivityThread: 	at android.widget.LinearLayout.measureChildBeforeLayout(LinearLayout.java:1465)
08-29 17:21:50.181 21799 21799 E ActivityThread: 	at android.widget.LinearLayout.measureVertical(LinearLayout.java:748)
08-29 17:21:50.181 21799 21799 E ActivityThread: 	at android.widget.LinearLayout.onMeasure(LinearLayout.java:630)
08-29 17:21:50.181 21799 21799 E ActivityThread: 	at android.view.View.measure(View.java:18831)
08-29 17:21:50.181 21799 21799 E ActivityThread: 	at android.view.ViewGroup.measureChildWithMargins(ViewGroup.java:5990)
08-29 17:21:50.181 21799 21799 E ActivityThread: 	at android.widget.LinearLayout.measureChildBeforeLayout(LinearLayout.java:1465)
08-29 17:21:50.181 21799 21799 E ActivityThread: 	at android.widget.LinearLayout.measureVertical(LinearLayout.java:748)
08-29 17:21:50.181 21799 21799 E ActivityThread: 	at android.widget.LinearLayout.onMeasure(LinearLayout.java:630)
08-29 17:21:50.181 21799 21799 E ActivityThread: 	at android.view.View.measure(View.java:18831)
08-29 17:21:50.181 21799 21799 E ActivityThread: 	at android.view.ViewGroup.measureChildWithMargins(ViewGroup.java:5990)
08-29 17:21:50.181 21799 21799 E ActivityThread: 	at android.widget.FrameLayout.onMeasure(FrameLayout.java:194)
08-29 17:21:50.181 21799 21799 E ActivityThread: 	at android.support.v7.widget.ContentFrameLayout.onMeasure(ContentFrameLayout.java:139)
08-29 17:21:50.181 21799 21799 E ActivityThread: 	at android.view.View.measure(View.java:18831)
08-29 17:21:50.181 21799 21799 E ActivityThread: 	at android.view.ViewGroup.measureChildWithMargins(ViewGroup.java:5990)
08-29 17:21:50.181 21799 21799 E ActivityThread: 	at android.widget.LinearLayout.measureChildBeforeLayout(LinearLayout.java:1465)
08-29 17:21:50.181 21799 21799 E ActivityThread: 	at android.widget.LinearLayout.measureVertical(LinearLayout.java:748)
08-29 17:21:50.181 21799 21799 E ActivityThread: 	at android.widget.LinearLayout.onMeasure(LinearLayout.java:630)
08-29 17:21:50.181 21799 21799 E ActivityThread: 	at android.view.View.measure(View.java:18831)
08-29 17:21:50.181 21799 21799 E ActivityThread: 	at android.view.ViewGroup.measureChildWithMargins(ViewGroup.java:5990)
08-29 17:21:50.181 21799 21799 E ActivityThread: 	at android.widget.FrameLayout.onMeasure(FrameLayout.java:194)
08-29 17:21:50.181 21799 21799 E ActivityThread: 	at android.view.View.measure(View.java:18831)
08-29 17:21:50.181 21799 21799 E ActivityThread: 	at android.view.ViewGroup.measureChildWithMargins(ViewGroup.java:5990)
08-29 17:21:50.181 21799 21799 E ActivityThread: 	at android.widget.LinearLayout.measureChildBeforeLayout(LinearLayout.java:1465)
08-29 17:21:50.181 21799 21799 E ActivityThread: 	at android.widget.LinearLayout.measureVertical(LinearLay
08-29 17:21:50.185 21799 21799 E ActivityThread: Activity com.tem.gettogether.activity.order.GongYingShangNewOrderActivity has leaked IntentReceiver com.tem.gettogether.fragment.gongying.GongYingOrderFaHuoFragment$MyReceiver01@e9c4d28 that was originally registered here. Are you missing a call to unregisterReceiver()?
08-29 17:21:50.185 21799 21799 E ActivityThread: android.app.IntentReceiverLeaked: Activity com.tem.gettogether.activity.order.GongYingShangNewOrderActivity has leaked IntentReceiver com.tem.gettogether.fragment.gongying.GongYingOrderFaHuoFragment$MyReceiver01@e9c4d28 that was originally registered here. Are you missing a call to unregisterReceiver()?
08-29 17:21:50.185 21799 21799 E ActivityThread: 	at android.app.LoadedApk$ReceiverDispatcher.<init>(LoadedApk.java:1001)
08-29 17:21:50.185 21799 21799 E ActivityThread: 	at android.app.LoadedApk.getReceiverDispatcher(LoadedApk.java:760)
08-29 17:21:50.185 21799 21799 E ActivityThread: 	at android.app.ContextImpl.registerReceiverInternal(ContextImpl.java:1207)
08-29 17:21:50.185 21799 21799 E ActivityThread: 	at android.app.ContextImpl.registerReceiver(ContextImpl.java:1187)
08-29 17:21:50.185 21799 21799 E ActivityThread: 	at android.app.ContextImpl.registerReceiver(ContextImpl.java:1181)
08-29 17:21:50.185 21799 21799 E ActivityThread: 	at android.content.ContextWrapper.registerReceiver(ContextWrapper.java:565)
08-29 17:21:50.185 21799 21799 E ActivityThread: 	at com.tem.gettogether.fragment.gongying.GongYingOrderFaHuoFragment.onActivityCreated(GongYingOrderFaHuoFragment.java:74)
08-29 17:21:50.185 21799 21799 E ActivityThread: 	at android.support.v4.app.Fragment.performActivityCreated(Fragment.java:2363)
08-29 17:21:50.185 21799 21799 E ActivityThread: 	at android.support.v4.app.FragmentManagerImpl.moveToState(FragmentManager.java:1442)
08-29 17:21:50.185 21799 21799 E ActivityThread: 	at android.support.v4.app.FragmentManagerImpl.moveFragmentToExpectedState(FragmentManager.java:1740)
08-29 17:21:50.185 21799 21799 E ActivityThread: 	at android.support.v4.app.FragmentManagerImpl.moveToState(FragmentManager.java:1809)
08-29 17:21:50.185 21799 21799 E ActivityThread: 	at android.support.v4.app.BackStackRecord.executeOps(BackStackRecord.java:799)
08-29 17:21:50.185 21799 21799 E ActivityThread: 	at android.support.v4.app.FragmentManagerImpl.executeOps(FragmentManager.java:2580)
08-29 17:21:50.185 21799 21799 E ActivityThread: 	at android.support.v4.app.FragmentManagerImpl.executeOpsTogether(FragmentManager.java:2367)
08-29 17:21:50.185 21799 21799 E ActivityThread: 	at android.support.v4.app.FragmentManagerImpl.removeRedundantOperationsAndExecute(FragmentManager.java:2322)
08-29 17:21:50.185 21799 21799 E ActivityThread: 	at android.support.v4.app.FragmentManagerImpl.execSingleAction(FragmentManager.java:2199)
08-29 17:21:50.185 21799 21799 E ActivityThread: 	at android.support.v4.app.BackStackRecord.commitNowAllowingStateLoss(BackStackRecord.java:651)
08-29 17:21:50.185 21799 21799 E ActivityThread: 	at android.support.v4.app.FragmentPagerAdapter.finishUpdate(FragmentPagerAdapter.java:145)
08-29 17:21:50.185 21799 21799 E ActivityThread: 	at android.support.v4.view.ViewPager.populate(ViewPager.java:1236)
08-29 17:21:50.185 21799 21799 E ActivityThread: 	at android.support.v4.view.ViewPager.populate(ViewPager.java:1084)
08-29 17:21:50.185 21799 21799 E ActivityThread: 	at android.support.v4.view.ViewPager.onMeasure(ViewPager.java:1614)
08-29 17:21:50.185 21799 21799 E ActivityThread: 	at android.view.View.measure(View.java:18831)
08-29 17:21:50.185 21799 21799 E ActivityThread: 	at android.view.ViewGroup.measureChildWithMargins(ViewGroup.java:5990)
08-29 17:21:50.185 21799 21799 E ActivityThread: 	at android.widget.LinearLayout.measureChildBeforeLayout(LinearLayout.java:1465)
08-29 17:21:50.185 21799 21799 E ActivityThread: 	at android.widget.LinearLayout.measureVertical(LinearLayout.java:748)
08-29 17:21:50.185 21799 21799 E ActivityThread: 	at android.widget.LinearLayout.onMeasure(LinearLayout.java:630)
08-29 17:21:50.185 21799 21799 E ActivityThread: 	at android.view.View.measure(View.java:18831)
08-29 17:21:50.185 21799 21799 E ActivityThread: 	at android.view.ViewGroup.measureChildWithMargins(ViewGroup.java:5990)
08-29 17:21:50.185 21799 21799 E ActivityThread: 	at android.widget.LinearLayout.measureChildBeforeLayout(LinearLayout.java:1465)
08-29 17:21:50.185 21799 21799 E ActivityThread: 	at android.widget.LinearLayout.measureVertical(LinearLayout.java:748)
08-29 17:21:50.185 21799 21799 E ActivityThread: 	at android.widget.LinearLayout.onMeasure(LinearLayout.java:630)
08-29 17:21:50.185 21799 21799 E ActivityThread: 	at android.view.View.measure(View.java:18831)
08-29 17:21:50.185 21799 21799 E ActivityThread: 	at android.view.ViewGroup.measureChildWithMargins(ViewGroup.java:5990)
08-29 17:21:50.185 21799 21799 E ActivityThread: 	at android.widget.FrameLayout.onMeasure(FrameLayout.java:194)
08-29 17:21:50.185 21799 21799 E ActivityThread: 	at android.support.v7.widget.ContentFrameLayout.onMeasure(ContentFrameLayout.java:139)
08-29 17:21:50.185 21799 21799 E ActivityThread: 	at android.view.View.measure(View.java:18831)
08-29 17:21:50.185 21799 21799 E ActivityThread: 	at android.view.ViewGroup.measureChildWithMargins(ViewGroup.java:5990)
08-29 17:21:50.185 21799 21799 E ActivityThread: 	at android.widget.LinearLayout.measureChildBeforeLayout(LinearLayout.java:1465)
08-29 17:21:50.185 21799 21799 E ActivityThread: 	at android.widget.LinearLayout.measureVertical(LinearLayout.java:748)
08-29 17:21:50.185 21799 21799 E ActivityThread: 	at android.widget.LinearLayout.onMeasure(LinearLayout.java:630)
08-29 17:21:50.185 21799 21799 E ActivityThread: 	at android.view.View.measure(View.java:18831)
08-29 17:21:50.185 21799 21799 E ActivityThread: 	at android.view.ViewGroup.measureChildWithMargins(ViewGroup.java:5990)
08-29 17:21:50.185 21799 21799 E ActivityThread: 	at android.widget.FrameLayout.onMeasure(FrameLayout.java:194)
08-29 17:21:50.185 21799 21799 E ActivityThread: 	at android.view.View.measure(View.java:18831)
08-29 17:21:50.185 21799 21799 E ActivityThread: 	at android.view.ViewGroup.measureChildWithMargins(ViewGroup.java:5990)
08-29 17:21:50.185 21799 21799 E ActivityThread: 	at android.widget.LinearLayout.measureChildBeforeLayout(LinearLayout.java:1465)
08-29 17:21:50.185 21799 21799 E ActivityThread: 	at android.widget.LinearLayout.measureVertical(LinearLayout.java
08-29 17:22:40.623  1471  1471 I chatty  : uid=1000 system_server expire 9 lines
08-29 17:26:14.616  1471 22369 I chatty  : uid=1000 system_server expire 1 line
08-29 17:26:14.658  1471 22370 I chatty  : uid=1000 system_server expire 1 line
08-29 17:26:14.659  1471 22371 I chatty  : uid=1000 system_server expire 1 line
08-29 17:26:29.139  1471  1594 I chatty  : uid=1000(system) PackageInstalle expire 3 lines
08-29 17:26:29.309  1471  1566 I chatty  : uid=1000(system) PackageManager expire 27 lines
08-29 17:26:30.535  1471  1534 I chatty  : uid=1000(system) ActivityManager expire 5 lines
08-29 17:26:33.133  1471  1811 I chatty  : uid=1000(system) Binder_6 expire 6 lines
08-29 17:26:33.206  1471  1547 I chatty  : uid=1000(system) Binder_3 expire 4 lines
08-29 17:26:33.240  1471  1543 I chatty  : uid=1000(system) android.display expire 3 lines
08-29 17:26:33.277  1471  2264 I chatty  : uid=1000(system) Binder_A expire 6 lines
08-29 17:26:33.414  1471  1728 I chatty  : uid=1000(system) Binder_4 expire 4 lines
08-29 17:26:34.347  1471  1486 I chatty  : uid=1000(system) Binder_2 expire 7 lines
08-29 17:26:34.402  1471  1840 I chatty  : uid=1000(system) Binder_9 expire 5 lines
08-29 17:26:34.543  1471  2275 I chatty  : uid=1000(system) Binder_D expire 8 lines
08-29 17:26:34.621  1471  1813 I chatty  : uid=1000(system) Binder_7 expire 6 lines
08-29 17:26:34.754  1471  2267 I chatty  : uid=1000(system) Binder_B expire 6 lines
08-29 17:26:34.811  1471  2276 I chatty  : uid=1000(system) Binder_E expire 3 lines
08-29 17:26:35.051  1471  1485 I chatty  : uid=1000(system) Binder_1 expire 3 lines
08-29 17:26:35.175  1471  2309 I chatty  : uid=1000(system) Binder_F expire 8 lines
08-29 17:26:35.231  1471  1808 I chatty  : uid=1000(system) Binder_5 expire 6 lines
08-29 17:26:35.749  1471  2707 I chatty  : uid=1000(system) Binder_10 expire 3 lines
08-29 17:26:35.810  1471  1827 I chatty  : uid=1000(system) Binder_8 expire 3 lines
08-29 17:26:37.279  1471  2271 I chatty  : uid=1000(system) Binder_C expire 13 lines
08-29 17:31:30.115  1471 22987 I chatty  : uid=1000 system_server expire 1 line
08-29 17:31:30.161  1471 22990 I chatty  : uid=1000 system_server expire 1 line
08-29 17:31:30.162  1471 22989 I chatty  : uid=1000 system_server expire 1 line
08-29 17:31:30.178  1471  1471 I chatty  : uid=1000 system_server expire 5 lines
08-29 17:31:50.106  1471  1594 I chatty  : uid=1000(system) PackageInstalle expire 3 lines
08-29 17:31:50.298  1471  1566 I chatty  : uid=1000(system) PackageManager expire 27 lines
08-29 17:31:53.451  1471  1471 I chatty  : uid=1000 system_server expire 8 lines
08-29 17:31:53.597  1471  1728 I chatty  : uid=1000(system) Binder_4 expire 6 lines
08-29 17:31:53.636  1471  1547 I chatty  : uid=1000(system) Binder_3 expire 10 lines
08-29 17:31:53.897  1471  2275 I chatty  : uid=1000(system) Binder_D expire 5 lines
08-29 17:31:54.195  1471  1813 I chatty  : uid=1000(system) Binder_7 expire 5 lines
08-29 17:31:54.221  1471  2264 I chatty  : uid=1000(system) Binder_A expire 4 lines
08-29 17:31:54.289  1471  2707 I chatty  : uid=1000(system) Binder_10 expire 8 lines
08-29 17:31:54.335  1471  1543 I chatty  : uid=1000(system) android.display expire 5 lines
08-29 17:31:54.642  1471  2267 I chatty  : uid=1000(system) Binder_B expire 4 lines
08-29 17:31:55.420  1471  1827 I chatty  : uid=1000(system) Binder_8 expire 4 lines
08-29 17:31:55.476  1471  1811 I chatty  : uid=1000(system) Binder_6 expire 5 lines
08-29 17:31:55.561  1471  1840 I chatty  : uid=1000(system) Binder_9 expire 5 lines
08-29 17:31:55.642  1471  1808 I chatty  : uid=1000(system) Binder_5 expire 7 lines
08-29 17:31:55.888  1471  2271 I chatty  : uid=1000(system) Binder_C expire 2 lines
08-29 17:31:55.971  1471  2276 I chatty  : uid=1000(system) Binder_E expire 17 lines
08-29 17:31:56.048  1471  1486 I chatty  : uid=1000(system) Binder_2 expire 3 lines
08-29 17:31:56.265  1471  1485 I chatty  : uid=1000(system) Binder_1 expire 4 lines
08-29 17:31:56.715  1471  2309 I chatty  : uid=1000(system) Binder_F expire 3 lines
08-29 17:35:17.094  1471  1675 I chatty  : uid=1000(system) ConnectivitySer expire 12 lines
08-29 17:36:09.393  1471  1533 I chatty  : uid=1000(system) android.bg expire 2 lines
08-29 17:37:30.240  1471  1664 I chatty  : uid=1000(system) NetworkStats expire 2 lines
08-29 17:49:31.862 24190 24252 W FileUtils: Failed to chmod(/storage/emulated/0/.mcs/mcs.db): android.system.ErrnoException: chmod failed: EPERM (Operation not permitted)
08-29 17:54:02.823  1471  1644 I chatty  : uid=1000(system) AlarmManager expire 1 line
08-29 17:54:03.366 24469 24490 W ActivityThread: ClassLoader.loadClass: The class loader returned by Thread.getContextClassLoader() may fail for processes that host multiple applications. You should explicitly specify a context class loader. For example: Thread.setContextClassLoader(getClass().getClassLoader());
08-29 17:56:52.637  1471 24721 I chatty  : uid=1000 system_server expire 1 line
08-29 17:56:52.685  1471 24724 I chatty  : uid=1000 system_server expire 1 line
08-29 17:57:19.385  1471  1594 I chatty  : uid=1000(system) PackageInstalle expire 3 lines
08-29 17:57:19.549  1471  1566 I chatty  : uid=1000(system) PackageManager expire 8 lines
08-29 17:57:20.783  1471  1534 I chatty  : uid=1000(system) ActivityManager expire 3 lines
08-29 17:57:21.350  1471  1566 I chatty  : uid=1000(system) PackageManager expire 24 lines
08-29 17:57:22.406  1471  1471 I chatty  : uid=1000 system_server expire 6 lines
08-29 17:57:22.500  1471  1827 I chatty  : uid=1000(system) Binder_8 expire 3 lines
08-29 17:57:22.513  1471  1486 I chatty  : uid=1000(system) Binder_2 expire 19 lines
08-29 17:57:22.780  1471  2264 I chatty  : uid=1000(system) Binder_A expire 4 lines
08-29 17:57:23.251  1471  1811 I chatty  : uid=1000(system) Binder_6 expire 6 lines
08-29 17:57:23.348  1471  1840 I chatty  : uid=1000(system) Binder_9 expire 4 lines
08-29 17:57:23.381  1471  1543 I chatty  : uid=1000(system) android.display expire 3 lines
08-29 17:57:24.511  1471  2267 I chatty  : uid=1000(system) Binder_B expire 8 lines
08-29 17:57:24.566  1471  2275 I chatty  : uid=1000(system) Binder_D expire 6 lines
08-29 17:57:24.711  1471  1485 I chatty  : uid=1000(system) Binder_1 expire 11 lines
08-29 17:57:24.734  1471  1728 I chatty  : uid=1000(system) Binder_4 expire 8 lines
08-29 17:57:24.837  1471  2271 I chatty  : uid=1000(system) Binder_C expire 5 lines
08-29 17:57:24.894  1471  1808 I chatty  : uid=1000(system) Binder_5 expire 2 lines
08-29 17:57:24.927  1471  2707 I chatty  : uid=1000(system) Binder_10 expire 3 lines
08-29 17:57:24.984  1471  1813 I chatty  : uid=1000(system) Binder_7 expire 3 lines
08-29 17:57:25.337  1471  2276 I chatty  : uid=1000(system) Binder_E expire 3 lines
08-29 17:57:27.001  1471  1547 I chatty  : uid=1000(system) Binder_3 expire 4 lines
08-29 17:57:27.265  1471  2309 I chatty  : uid=1000(system) Binder_F expire 2 lines
08-29 17:58:00.131  1471  1533 I chatty  : uid=1000(system) android.bg expire 1 line
08-29 17:58:03.334  1471 25216 I chatty  : uid=1000 system_server expire 1 line
08-29 17:58:03.376  1471 25218 I chatty  : uid=1000 system_server expire 1 line
08-29 17:58:17.519  1471  1594 I chatty  : uid=1000(system) PackageInstalle expire 3 lines
08-29 17:58:17.679  1471  1566 I chatty  : uid=1000(system) PackageManager expire 22 lines
08-29 17:58:18.943  1471  1534 I chatty  : uid=1000(system) ActivityManager expire 2 lines
08-29 17:58:20.904  1471  1471 I chatty  : uid=1000 system_server expire 5 lines
08-29 17:58:21.005  1471  1547 I chatty  : uid=1000(system) Binder_3 expire 4 lines
08-29 17:58:21.066  1471  2271 I chatty  : uid=1000(system) Binder_C expire 5 lines
08-29 17:58:21.302  1471  1486 I chatty  : uid=1000(system) Binder_2 expire 5 lines
08-29 17:58:21.714  1471  2275 I chatty  : uid=1000(system) Binder_D expire 8 lines
08-29 17:58:21.786  1471  1485 I chatty  : uid=1000(system) Binder_1 expire 4 lines
08-29 17:58:21.820  1471  1543 I chatty  : uid=1000(system) android.display expire 6 lines
08-29 17:58:22.086  1471  1813 I chatty  : uid=1000(system) Binder_7 expire 5 lines
08-29 17:58:22.981  1471  2276 I chatty  : uid=1000(system) Binder_E expire 10 lines
08-29 17:58:23.067  1471  1827 I chatty  : uid=1000(system) Binder_8 expire 6 lines
08-29 17:58:23.122  1471  2267 I chatty  : uid=1000(system) Binder_B expire 5 lines
08-29 17:58:23.145  1471  1840 I chatty  : uid=1000(system) Binder_9 expire 6 lines
08-29 17:58:23.425  1471  1808 I chatty  : uid=1000(system) Binder_5 expire 4 lines
08-29 17:58:23.561  1471  2707 I chatty  : uid=1000(system) Binder_10 expire 6 lines
08-29 17:58:23.651  1471  2264 I chatty  : uid=1000(system) Binder_A expire 5 lines
08-29 17:58:25.710  1471  1811 I chatty  : uid=1000(system) Binder_6 expire 3 lines
08-29 17:58:26.039  1471  2309 I chatty  : uid=1000(system) Binder_F expire 1 line
08-29 17:58:26.169  1471  1728 I chatty  : uid=1000(system) Binder_4 expire 3 lines
08-29 18:00:04.151 28382 28436 I chatty  : uid=1000(system) pool-1-thread-1 expire 1 line
08-29 18:02:05.084  1471  1562 I chatty  : uid=1000(system) PowerManagerSer expire 9 lines
08-29 18:03:07.994 25807 25844 I chatty  : uid=1000(system) expire 6 lines
08-29 18:04:56.951  1471  1656 I chatty  : uid=1000(system) InputReader expire 3 lines
08-29 18:04:58.251  1471  1536 I chatty  : uid=1000(system) BroadcastQueue expire 2 lines
08-29 18:04:58.284  1471  1471 I chatty  : uid=1000 system_server expire 8 lines
08-29 18:04:58.285  1471  2264 I chatty  : uid=1000(system) Binder_A expire 6 lines
08-29 18:04:58.307  1471  1728 I chatty  : uid=1000(system) Binder_4 expire 18 lines
08-29 18:04:58.496  1471  1485 I chatty  : uid=1000(system) Binder_1 expire 5 lines
08-29 18:05:00.317  1471  2309 I chatty  : uid=1000(system) Binder_F expire 3 lines
08-29 18:05:00.328  1471  2707 I chatty  : uid=1000(system) Binder_10 expire 10 lines
08-29 18:05:00.398  1471  2271 I chatty  : uid=1000(system) Binder_C expire 4 lines
08-29 18:05:00.643  1471  1813 I chatty  : uid=1000(system) Binder_7 expire 5 lines
08-29 18:05:00.664  1471  2275 I chatty  : uid=1000(system) Binder_D expire 7 lines
08-29 18:05:03.156  1471  1547 I chatty  : uid=1000(system) Binder_3 expire 5 lines
08-29 18:05:04.722  1471  2276 I chatty  : uid=1000(system) Binder_E expire 9 lines
08-29 18:05:04.864  1471  2267 I chatty  : uid=1000(system) Binder_B expire 5 lines
08-29 18:06:08.843  1471 26367 I chatty  : uid=1000 system_server expire 1 line
08-29 18:06:08.868  1471 26368 I chatty  : uid=1000 system_server expire 1 line
08-29 18:06:08.872  1471 26369 I chatty  : uid=1000 system_server expire 1 line
08-29 18:06:23.206  1471  1594 I chatty  : uid=1000(system) PackageInstalle expire 3 lines
08-29 18:06:23.368  1471  1566 I chatty  : uid=1000(system) PackageManager expire 27 lines
08-29 18:06:24.563  1471  1534 I chatty  : uid=1000(system) ActivityManager expire 2 lines
08-29 18:06:26.895  1471  1486 I chatty  : uid=1000(system) Binder_2 expire 4 lines
08-29 18:06:27.002  1471  1840 I chatty  : uid=1000(system) Binder_9 expire 3 lines
08-29 18:06:27.041  1471  1543 I chatty  : uid=1000(system) android.display expire 3 lines
08-29 18:06:28.321  1471  1811 I chatty  : uid=1000(system) Binder_6 expire 2 lines
08-29 18:06:28.403  1471  1827 I chatty  : uid=1000(system) Binder_8 expire 3 lines
08-29 18:06:28.758  1471  1808 I chatty  : uid=1000(system) Binder_5 expire 2 lines
08-29 18:06:31.207  1471  1827 W ActivityManager: Start dexopt: 10198
08-29 18:06:31.222  1471  2707 W ActivityManager: Start dexopt: 10198
08-29 18:06:31.263  1471  1547 W ActivityManager: Finish dexopt: 10198
08-29 18:06:31.283  1471  1486 W ActivityManager: Start dexopt: 10198
08-29 18:06:31.301  1471  1808 W ActivityManager: Start dexopt: 10198
08-29 18:06:31.340  1471  1813 W ActivityManager: Finish dexopt: 10198
08-29 18:06:31.378  1471  1728 W ActivityManager: Start dexopt: 10198
08-29 18:06:31.381  1471  1827 W ActivityManager: Start dexopt: 10198
08-29 18:06:31.435  1471  1547 W ActivityManager: Finish dexopt: 10198
08-29 18:06:31.471  1471  2271 W ActivityManager: Start dexopt: 10198
08-29 18:06:31.483  1471  1813 W ActivityManager: Start dexopt: 10198
08-29 18:06:31.527  1471  1811 W ActivityManager: Finish dexopt: 10198
08-29 18:06:31.565  1471  2275 W ActivityManager: Start dexopt: 10198
08-29 18:06:31.570  1471  2267 W ActivityManager: Start dexopt: 10198
08-29 18:06:31.623  1471  1547 W ActivityManager: Finish dexopt: 10198
08-29 18:06:31.653  1471  2271 W ActivityManager: Start dexopt: 10198
08-29 18:06:31.710  1471  1728 W ActivityManager: Finish dexopt: 10198
08-29 18:06:32.022  1471  1547 V WindowManager: Changing focus from Window{719fb9f u0 com.tem.gettogether/com.tem.gettogether.activity.MainActivity EXITING} to Window{77ff0b5 u0 com.tem.gettogether/com.tem.gettogether.activity.MainActivity} Callers=com.android.server.wm.WindowManagerService.removeWindowLocked:3070 com.android.server.wm.WindowManagerService.removeWindow:3000 com.android.server.wm.Session.remove:200 android.view.IWindowSession$Stub.onTransact:242 
08-29 18:06:57.107  1471  1664 D NetworkStats: begin setGlobalAlert
08-29 18:06:57.108  1471  1664 D NetworkStats: after setGlobalAlert
08-29 18:07:12.453  1471  2267 I ActivityManager: Force stopping com.tem.gettogether appid=10198 user=0: from pid 26797
08-29 18:07:12.454  1471  2267 I ActivityManager: Killing 26451:com.tem.gettogether/u0a198 (adj 0): stop com.tem.gettogether
08-29 18:07:12.456  1471  2267 D ActivityManager: cleanUpApplicationRecord -- 26451
08-29 18:07:12.462  1471  2267 W ActivityManager: Force removing ActivityRecord{6dedefd u0 com.tem.gettogether/.activity.MainActivity t95}: app died, no saved state
