08-29 18:43:46.446 28729 28862 I chatty  : uid=1000(system) Timer-0 expire 12 lines
08-29 18:43:48.117   807   807 I MSM-irqbalance: Decided to move IRQ5 from CPU0 [P:0] to CPU4 [P:1] (banned)
08-29 18:43:48.117   807   807 I MSM-irqbalance: Decided to move IRQ3 from CPU0 [P:0] to CPU4 [P:1] (banned)
08-29 18:43:53.116   807   807 I MSM-irqbalance: Decided to move IRQ5 from CPU0 [P:0] to CPU4 [P:1] (banned)
08-29 18:43:53.116   807   807 I MSM-irqbalance: Decided to move IRQ3 from CPU0 [P:0] to CPU4 [P:1] (banned)
08-29 18:43:53.842  3612  3624 I chatty  : uid=0(root) /system/vendor/bin/perfd expire 25 lines
08-29 18:43:58.117   807   807 I MSM-irqbalance: Decided to move IRQ5 from CPU0 [P:0] to CPU4 [P:1] (banned)
08-29 18:43:58.118   807   807 I MSM-irqbalance: Decided to move IRQ3 from CPU0 [P:0] to CPU4 [P:1] (banned)
08-29 18:43:58.447 28729 28862 I chatty  : uid=1000(system) Timer-0 expire 16 lines
08-29 18:44:00.039 26233 26233 D Kgd.KeyguardUpdateMonitor: mTimeTickBroadcastReceiver current state is mBootCompleted=true mDeviceProvisioned=true mPhoneState=0 Keyguard.isShowing = false Keyguard.isOccluded = false mScreenOn=true
08-29 18:44:03.116   807   807 I MSM-irqbalance: Decided to move IRQ5 from CPU0 [P:0] to CPU4 [P:1] (banned)
08-29 18:44:03.117   807   807 I MSM-irqbalance: Decided to move IRQ3 from CPU0 [P:0] to CPU4 [P:1] (banned)
08-29 18:44:03.198 10343 10405 D WorkerThreadMonitor: Kill MSF check result[ senderSize:0,sendInterval:10447712,receiveInterval=10447711,addCmdCount=0
08-29 18:44:08.117   807   807 I MSM-irqbalance: Decided to move IRQ5 from CPU0 [P:0] to CPU4 [P:1] (banned)
08-29 18:44:08.118   807   807 I MSM-irqbalance: Decided to move IRQ3 from CPU0 [P:0] to CPU4 [P:1] (banned)
08-29 18:44:13.116   807   807 I MSM-irqbalance: Decided to move IRQ5 from CPU0 [P:0] to CPU4 [P:1] (banned)
08-29 18:44:13.117   807   807 I MSM-irqbalance: Decided to move IRQ3 from CPU0 [P:0] to CPU4 [P:1] (banned)
08-29 18:44:14.449 28729 28862 I chatty  : uid=1000(system) Timer-0 expire 16 lines
08-29 18:44:18.117   807   807 I MSM-irqbalance: Decided to move IRQ5 from CPU0 [P:0] to CPU4 [P:1] (banned)
08-29 18:44:18.118   807   807 I MSM-irqbalance: Decided to move IRQ3 from CPU0 [P:0] to CPU4 [P:1] (banned)
08-29 18:44:19.117  3612  3624 I chatty  : uid=0(root) /system/vendor/bin/perfd expire 14 lines
08-29 18:44:23.117   807   807 I MSM-irqbalance: Decided to move IRQ5 from CPU0 [P:0] to CPU4 [P:1] (banned)
08-29 18:44:23.118   807   807 I MSM-irqbalance: Decided to move IRQ3 from CPU0 [P:0] to CPU4 [P:1] (banned)
08-29 18:44:28.117   807   807 I MSM-irqbalance: Decided to move IRQ5 from CPU0 [P:0] to CPU4 [P:1] (banned)
08-29 18:44:28.118   807   807 I MSM-irqbalance: Decided to move IRQ3 from CPU0 [P:0] to CPU4 [P:1] (banned)
08-29 18:44:30.452 28729 28862 I chatty  : uid=1000(system) Timer-0 expire 16 lines
08-29 18:44:33.117   807   807 I MSM-irqbalance: Decided to move IRQ5 from CPU0 [P:0] to CPU4 [P:1] (banned)
08-29 18:44:33.117   807   807 I MSM-irqbalance: Decided to move IRQ3 from CPU0 [P:0] to CPU4 [P:1] (banned)
08-29 18:44:33.161  3612  3624 I chatty  : uid=0(root) /system/vendor/bin/perfd expire 14 lines
08-29 18:44:38.117   807   807 I MSM-irqbalance: Decided to move IRQ5 from CPU0 [P:0] to CPU4 [P:1] (banned)
08-29 18:44:38.118   807   807 I MSM-irqbalance: Decided to move IRQ3 from CPU0 [P:0] to CPU4 [P:1] (banned)
08-29 18:44:43.117   807   807 I MSM-irqbalance: Decided to move IRQ5 from CPU0 [P:0] to CPU4 [P:1] (banned)
08-29 18:44:43.118   807   807 I MSM-irqbalance: Decided to move IRQ3 from CPU0 [P:0] to CPU4 [P:1] (banned)
08-29 18:44:46.037  7927  7989 D WorkerThreadMonitor: Kill MSF check result[ senderSize:0,sendInterval:11709283,receiveInterval=11709282,addCmdCount=0
08-29 18:44:46.452 28729 28862 I chatty  : uid=1000(system) Timer-0 expire 12 lines
08-29 18:44:47.208  3612  3624 I chatty  : uid=0(root) /system/vendor/bin/perfd expire 12 lines
08-29 18:44:48.118   807   807 I MSM-irqbalance: Decided to move IRQ5 from CPU0 [P:0] to CPU4 [P:1] (banned)
08-29 18:44:48.119   807   807 I MSM-irqbalance: Decided to move IRQ3 from CPU0 [P:0] to CPU4 [P:1] (banned)
08-29 18:44:53.119   807   807 I MSM-irqbalance: Decided to move IRQ5 from CPU0 [P:0] to CPU4 [P:1] (banned)
08-29 18:44:53.119   807   807 I MSM-irqbalance: Decided to move IRQ3 from CPU0 [P:0] to CPU4 [P:1] (banned)
08-29 18:44:58.117   807   807 I MSM-irqbalance: Decided to move IRQ5 from CPU0 [P:0] to CPU4 [P:1] (banned)
08-29 18:44:58.118   807   807 I MSM-irqbalance: Decided to move IRQ3 from CPU0 [P:0] to CPU4 [P:1] (banned)
08-29 18:44:58.454 28729 28862 I chatty  : uid=1000(system) Timer-0 expire 24 lines
08-29 18:44:59.246  3612  3624 I chatty  : uid=0(root) /system/vendor/bin/perfd expire 14 lines
08-29 18:45:00.036 26233 26233 D Kgd.KeyguardUpdateMonitor: mTimeTickBroadcastReceiver current state is mBootCompleted=true mDeviceProvisioned=true mPhoneState=0 Keyguard.isShowing = false Keyguard.isOccluded = false mScreenOn=true
08-29 18:45:03.117   807   807 I MSM-irqbalance: Decided to move IRQ5 from CPU0 [P:0] to CPU4 [P:1] (banned)
08-29 18:45:03.118   807   807 I MSM-irqbalance: Decided to move IRQ3 from CPU0 [P:0] to CPU4 [P:1] (banned)
08-29 18:45:03.259 10343 10405 D WorkerThreadMonitor: Kill MSF check result[ senderSize:0,sendInterval:10507773,receiveInterval=10507772,addCmdCount=0
08-29 18:45:08.117   807   807 I MSM-irqbalance: Decided to move IRQ5 from CPU0 [P:0] to CPU4 [P:1] (banned)
08-29 18:45:08.117   807   807 I MSM-irqbalance: Decided to move IRQ3 from CPU0 [P:0] to CPU4 [P:1] (banned)
08-29 18:45:13.117   807   807 I MSM-irqbalance: Decided to move IRQ5 from CPU0 [P:0] to CPU4 [P:1] (banned)
08-29 18:45:13.118   807   807 I MSM-irqbalance: Decided to move IRQ3 from CPU0 [P:0] to CPU4 [P:1] (banned)
08-29 18:45:13.286  3612  3624 I chatty  : uid=0(root) /system/vendor/bin/perfd expire 19 lines
08-29 18:45:18.117   807   807 I MSM-irqbalance: Decided to move IRQ5 from CPU0 [P:0] to CPU4 [P:1] (banned)
08-29 18:45:18.118   807   807 I MSM-irqbalance: Decided to move IRQ3 from CPU0 [P:0] to CPU4 [P:1] (banned)
08-29 18:45:22.456 28729 28862 I chatty  : uid=1000(system) Timer-0 expire 12 lines
08-29 18:45:23.117   807   807 I MSM-irqbalance: Decided to move IRQ5 from CPU0 [P:0] to CPU4 [P:1] (banned)
08-29 18:45:23.118   807   807 I MSM-irqbalance: Decided to move IRQ3 from CPU0 [P:0] to CPU4 [P:1] (banned)
08-29 18:45:28.116   807   807 I MSM-irqbalance: Decided to move IRQ5 from CPU0 [P:0] to CPU4 [P:1] (banned)
08-29 18:45:28.117   807   807 I MSM-irqbalance: Decided to move IRQ3 from CPU0 [P:0] to CPU4 [P:1] (banned)
08-29 18:45:32.151  3612  3624 I chatty  : uid=0(root) /system/vendor/bin/perfd expire 11 lines
08-29 18:45:33.117   807   807 I MSM-irqbalance: Decided to move IRQ5 from CPU0 [P:0] to CPU4 [P:1] (banned)
08-29 18:45:33.117   807   807 I MSM-irqbalance: Decided to move IRQ3 from CPU0 [P:0] to CPU4 [P:1] (banned)
08-29 18:45:34.457 28729 28862 I chatty  : uid=1000(system) Timer-0 expire 12 lines
08-29 18:45:38.117   807   807 I MSM-irqbalance: Decided to move IRQ5 from CPU0 [P:0] to CPU4 [P:1] (banned)
08-29 18:45:38.117   807   807 I MSM-irqbalance: Decided to move IRQ3 from CPU0 [P:0] to CPU4 [P:1] (banned)
08-29 18:45:43.117   807   807 I MSM-irqbalance: Decided to move IRQ5 from CPU0 [P:0] to CPU4 [P:1] (banned)
08-29 18:45:43.118   807   807 I MSM-irqbalance: Decided to move IRQ3 from CPU0 [P:0] to CPU4 [P:1] (banned)
08-29 18:45:43.387  3612  3624 I chatty  : uid=0(root) /system/vendor/bin/perfd expire 20 lines
08-29 18:45:46.094  7927  7989 D WorkerThreadMonitor: Kill MSF check result[ senderSize:0,sendInterval:11769340,receiveInterval=11769339,addCmdCount=0
08-29 18:45:46.458 28729 28862 I chatty  : uid=1000(system) Timer-0 expire 12 lines
08-29 18:45:48.117   807   807 I MSM-irqbalance: Decided to move IRQ5 from CPU0 [P:0] to CPU4 [P:1] (banned)
08-29 18:45:48.117   807   807 I MSM-irqbalance: Decided to move IRQ3 from CPU0 [P:0] to CPU4 [P:1] (banned)
08-29 18:45:51.965  1471  1827 I chatty  : uid=1000(system) Binder_8 expire 1 line
08-29 18:45:51.988 29645 29844 I chatty  : uid=10198(com.tem.gettogether) expire 10 lines
08-29 18:45:53.117   807   807 I MSM-irqbalance: Decided to move IRQ5 from CPU0 [P:0] to CPU4 [P:1] (banned)
08-29 18:45:53.118   807   807 I MSM-irqbalance: Decided to move IRQ3 from CPU0 [P:0] to CPU4 [P:1] (banned)
08-29 18:45:58.116   807   807 I MSM-irqbalance: Decided to move IRQ5 from CPU0 [P:0] to CPU4 [P:1] (banned)
08-29 18:45:58.117   807   807 I MSM-irqbalance: Decided to move IRQ3 from CPU0 [P:0] to CPU4 [P:1] (banned)
08-29 18:45:58.459 28729 28862 I chatty  : uid=1000(system) Timer-0 expire 24 lines
08-29 18:46:00.033 26233 26233 D Kgd.KeyguardUpdateMonitor: mTimeTickBroadcastReceiver current state is mBootCompleted=true mDeviceProvisioned=true mPhoneState=0 Keyguard.isShowing = false Keyguard.isOccluded = false mScreenOn=true
08-29 18:46:03.117   807   807 I MSM-irqbalance: Decided to move IRQ5 from CPU0 [P:0] to CPU4 [P:1] (banned)
08-29 18:46:03.118   807   807 I MSM-irqbalance: Decided to move IRQ3 from CPU0 [P:0] to CPU4 [P:1] (banned)
08-29 18:46:03.308 10343 10405 D WorkerThreadMonitor: Kill MSF check result[ senderSize:0,sendInterval:10567822,receiveInterval=10567821,addCmdCount=0
08-29 18:46:03.447  3612  3624 I chatty  : uid=0(root) /system/vendor/bin/perfd expire 15 lines
08-29 18:46:08.116   807   807 I MSM-irqbalance: Decided to move IRQ5 from CPU0 [P:0] to CPU4 [P:1] (banned)
08-29 18:46:08.117   807   807 I MSM-irqbalance: Decided to move IRQ3 from CPU0 [P:0] to CPU4 [P:1] (banned)
08-29 18:46:13.117   807   807 I MSM-irqbalance: Decided to move IRQ5 from CPU0 [P:0] to CPU4 [P:1] (banned)
08-29 18:46:13.118   807   807 I MSM-irqbalance: Decided to move IRQ3 from CPU0 [P:0] to CPU4 [P:1] (banned)
08-29 18:46:18.116   807   807 I MSM-irqbalance: Decided to move IRQ5 from CPU0 [P:0] to CPU4 [P:1] (banned)
08-29 18:46:18.117   807   807 I MSM-irqbalance: Decided to move IRQ3 from CPU0 [P:0] to CPU4 [P:1] (banned)
08-29 18:46:18.308  3612  3624 I chatty  : uid=0(root) /system/vendor/bin/perfd expire 15 lines
08-29 18:46:22.465 28729 28862 I chatty  : uid=1000(system) Timer-0 expire 12 lines
08-29 18:46:23.117   807   807 I MSM-irqbalance: Decided to move IRQ5 from CPU0 [P:0] to CPU4 [P:1] (banned)
08-29 18:46:23.118   807   807 I MSM-irqbalance: Decided to move IRQ3 from CPU0 [P:0] to CPU4 [P:1] (banned)
08-29 18:46:28.116   807   807 I MSM-irqbalance: Decided to move IRQ5 from CPU0 [P:0] to CPU4 [P:1] (banned)
08-29 18:46:28.117   807   807 I MSM-irqbalance: Decided to move IRQ3 from CPU0 [P:0] to CPU4 [P:1] (banned)
08-29 18:46:33.117   807   807 I MSM-irqbalance: Decided to move IRQ5 from CPU0 [P:0] to CPU4 [P:1] (banned)
08-29 18:46:33.118   807   807 I MSM-irqbalance: Decided to move IRQ3 from CPU0 [P:0] to CPU4 [P:1] (banned)
08-29 18:46:33.552  3612  3624 I chatty  : uid=0(root) /system/vendor/bin/perfd expire 13 lines
08-29 18:46:34.466 28729 28862 I chatty  : uid=1000(system) Timer-0 expire 12 lines
08-29 18:46:38.116   807   807 I MSM-irqbalance: Decided to move IRQ5 from CPU0 [P:0] to CPU4 [P:1] (banned)
08-29 18:46:38.116   807   807 I MSM-irqbalance: Decided to move IRQ3 from CPU0 [P:0] to CPU4 [P:1] (banned)
08-29 18:46:43.117   807   807 I MSM-irqbalance: Decided to move IRQ5 from CPU0 [P:0] to CPU4 [P:1] (banned)
08-29 18:46:43.118   807   807 I MSM-irqbalance: Decided to move IRQ3 from CPU0 [P:0] to CPU4 [P:1] (banned)
08-29 18:46:46.154  7927  7989 D WorkerThreadMonitor: Kill MSF check result[ senderSize:0,sendInterval:11829400,receiveInterval=11829399,addCmdCount=0
08-29 18:46:46.393  3612  3624 I chatty  : uid=0(root) /system/vendor/bin/perfd expire 17 lines
08-29 18:46:46.468 28729 28862 I chatty  : uid=1000(system) Timer-0 expire 12 lines
08-29 18:46:48.116   807   807 I MSM-irqbalance: Decided to move IRQ5 from CPU0 [P:0] to CPU4 [P:1] (banned)
08-29 18:46:48.117   807   807 I MSM-irqbalance: Decided to move IRQ3 from CPU0 [P:0] to CPU4 [P:1] (banned)
08-29 18:46:53.117   807   807 I MSM-irqbalance: Decided to move IRQ5 from CPU0 [P:0] to CPU4 [P:1] (banned)
08-29 18:46:53.117   807   807 I MSM-irqbalance: Decided to move IRQ3 from CPU0 [P:0] to CPU4 [P:1] (banned)
08-29 18:46:58.116   807   807 I MSM-irqbalance: Decided to move IRQ5 from CPU0 [P:0] to CPU4 [P:1] (banned)
08-29 18:46:58.116   807   807 I MSM-irqbalance: Decided to move IRQ3 from CPU0 [P:0] to CPU4 [P:1] (banned)
08-29 18:46:58.469 28729 28862 I chatty  : uid=1000(system) Timer-0 expire 36 lines
08-29 18:47:00.043 26233 26233 D Kgd.KeyguardUpdateMonitor: mTimeTickBroadcastReceiver current state is mBootCompleted=true mDeviceProvisioned=true mPhoneState=0 Keyguard.isShowing = false Keyguard.isOccluded = false mScreenOn=true
08-29 18:47:03.117   807   807 I MSM-irqbalance: Decided to move IRQ5 from CPU0 [P:0] to CPU4 [P:1] (banned)
08-29 18:47:03.118   807   807 I MSM-irqbalance: Decided to move IRQ3 from CPU0 [P:0] to CPU4 [P:1] (banned)
08-29 18:47:03.345 10343 10405 D WorkerThreadMonitor: Kill MSF check result[ senderSize:0,sendInterval:10627858,receiveInterval=10627857,addCmdCount=0
08-29 18:47:03.646  3612  3624 I chatty  : uid=0(root) /system/vendor/bin/perfd expire 15 lines
08-29 18:47:08.117   807   807 I MSM-irqbalance: Decided to move IRQ5 from CPU0 [P:0] to CPU4 [P:1] (banned)
08-29 18:47:08.117   807   807 I MSM-irqbalance: Decided to move IRQ3 from CPU0 [P:0] to CPU4 [P:1] (banned)
08-29 18:47:13.117   807   807 I MSM-irqbalance: Decided to move IRQ5 from CPU0 [P:0] to CPU4 [P:1] (banned)
08-29 18:47:13.117   807   807 I MSM-irqbalance: Decided to move IRQ3 from CPU0 [P:0] to CPU4 [P:1] (banned)
08-29 18:47:18.117   807   807 I MSM-irqbalance: Decided to move IRQ5 from CPU0 [P:0] to CPU4 [P:1] (banned)
08-29 18:47:18.118   807   807 I MSM-irqbalance: Decided to move IRQ3 from CPU0 [P:0] to CPU4 [P:1] (banned)
08-29 18:47:18.496  3612  3624 I chatty  : uid=0(root) /system/vendor/bin/perfd expire 15 lines
08-29 18:47:23.117   807   807 I MSM-irqbalance: Decided to move IRQ5 from CPU0 [P:0] to CPU4 [P:1] (banned)
08-29 18:47:23.118   807   807 I MSM-irqbalance: Decided to move IRQ3 from CPU0 [P:0] to CPU4 [P:1] (banned)
08-29 18:47:28.116   807   807 I MSM-irqbalance: Decided to move IRQ5 from CPU0 [P:0] to CPU4 [P:1] (banned)
08-29 18:47:28.117   807   807 I MSM-irqbalance: Decided to move IRQ3 from CPU0 [P:0] to CPU4 [P:1] (banned)
08-29 18:47:33.122   807   807 I MSM-irqbalance: Decided to move IRQ5 from CPU0 [P:0] to CPU4 [P:1] (banned)
08-29 18:47:33.123   807   807 I MSM-irqbalance: Decided to move IRQ3 from CPU0 [P:0] to CPU4 [P:1] (banned)
08-29 18:47:33.738  3612  3624 I chatty  : uid=0(root) /system/vendor/bin/perfd expire 13 lines
08-29 18:47:34.470 28729 28862 I chatty  : uid=1000(system) Timer-0 expire 12 lines
08-29 18:47:38.117   807   807 I MSM-irqbalance: Decided to move IRQ5 from CPU0 [P:0] to CPU4 [P:1] (banned)
08-29 18:47:38.117   807   807 I MSM-irqbalance: Decided to move IRQ3 from CPU0 [P:0] to CPU4 [P:1] (banned)
08-29 18:47:43.117   807   807 I MSM-irqbalance: Decided to move IRQ5 from CPU0 [P:0] to CPU4 [P:1] (banned)
08-29 18:47:43.118   807   807 I MSM-irqbalance: Decided to move IRQ3 from CPU0 [P:0] to CPU4 [P:1] (banned)
08-29 18:47:46.195  7927  7989 D WorkerThreadMonitor: Kill MSF check result[ senderSize:0,sendInterval:11889440,receiveInterval=11889439,addCmdCount=0
08-29 18:47:46.471 28729 28862 I chatty  : uid=1000(system) Timer-0 expire 12 lines
08-29 18:47:46.580  3612  3624 I chatty  : uid=0(root) /system/vendor/bin/perfd expire 17 lines
08-29 18:47:48.117   807   807 I MSM-irqbalance: Decided to move IRQ5 from CPU0 [P:0] to CPU4 [P:1] (banned)
08-29 18:47:48.117   807   807 I MSM-irqbalance: Decided to move IRQ3 from CPU0 [P:0] to CPU4 [P:1] (banned)
08-29 18:47:49.128  1732  1740 I chatty  : uid=0(root) /system/bin/rutilsdaemon expire 10 lines
08-29 18:47:53.117   807   807 I MSM-irqbalance: Decided to move IRQ5 from CPU0 [P:0] to CPU4 [P:1] (banned)
08-29 18:47:53.118   807   807 I MSM-irqbalance: Decided to move IRQ3 from CPU0 [P:0] to CPU4 [P:1] (banned)
08-29 18:47:58.117   807   807 I MSM-irqbalance: Decided to move IRQ5 from CPU0 [P:0] to CPU4 [P:1] (banned)
08-29 18:47:58.117   807   807 I MSM-irqbalance: Decided to move IRQ3 from CPU0 [P:0] to CPU4 [P:1] (banned)
08-29 18:47:58.472 28729 28862 I chatty  : uid=1000(system) Timer-0 expire 24 lines
08-29 18:48:00.048 26233 26233 D Kgd.KeyguardUpdateMonitor: mTimeTickBroadcastReceiver current state is mBootCompleted=true mDeviceProvisioned=true mPhoneState=0 Keyguard.isShowing = false Keyguard.isOccluded = false mScreenOn=true
08-29 18:48:03.117   807   807 I MSM-irqbalance: Decided to move IRQ5 from CPU0 [P:0] to CPU4 [P:1] (banned)
08-29 18:48:03.118   807   807 I MSM-irqbalance: Decided to move IRQ3 from CPU0 [P:0] to CPU4 [P:1] (banned)
08-29 18:48:03.405 10343 10405 D WorkerThreadMonitor: Kill MSF check result[ senderSize:0,sendInterval:10687918,receiveInterval=10687917,addCmdCount=0
08-29 18:48:03.841  3612  3624 I chatty  : uid=0(root) /system/vendor/bin/perfd expire 15 lines
08-29 18:48:08.116   807   807 I MSM-irqbalance: Decided to move IRQ5 from CPU0 [P:0] to CPU4 [P:1] (banned)
08-29 18:48:08.117   807   807 I MSM-irqbalance: Decided to move IRQ3 from CPU0 [P:0] to CPU4 [P:1] (banned)
08-29 18:48:13.117   807   807 I MSM-irqbalance: Decided to move IRQ5 from CPU0 [P:0] to CPU4 [P:1] (banned)
08-29 18:48:13.118   807   807 I MSM-irqbalance: Decided to move IRQ3 from CPU0 [P:0] to CPU4 [P:1] (banned)
08-29 18:48:18.120   807   807 I MSM-irqbalance: Decided to move IRQ5 from CPU0 [P:0] to CPU4 [P:1] (banned)
08-29 18:48:18.121   807   807 I MSM-irqbalance: Decided to move IRQ3 from CPU0 [P:0] to CPU6 [P:1] (banned)
08-29 18:48:18.121   807   807 I MSM-irqbalance: Decided to move IRQ280 from CPU1 [P:0] to CPU7 [P:1] (banned)
08-29 18:48:18.121   807   807 I MSM-irqbalance: Decided to move IRQ5 from CPU1 [P:0] to CPU5 [P:1] (banned)
08-29 18:48:18.127   807   807 I MSM-irqbalance: Decided to move IRQ3 from CPU1 [P:0] to CPU4 [P:1] (banned)
08-29 18:48:18.127   807   807 I MSM-irqbalance: Decided to move IRQ268 from CPU1 [P:0] to CPU6 [P:1] (banned)
08-29 18:48:18.701  3612  3624 I chatty  : uid=0(root) /system/vendor/bin/perfd expire 15 lines
08-29 18:48:22.475 28729 28862 I chatty  : uid=1000(system) Timer-0 expire 12 lines
08-29 18:48:23.119   807   807 I MSM-irqbalance: Decided to move IRQ5 from CPU0 [P:0] to CPU4 [P:1] (banned)
08-29 18:48:23.119   807   807 I MSM-irqbalance: Decided to move IRQ3 from CPU0 [P:0] to CPU4 [P:1] (banned)
08-29 18:48:28.117   807   807 I MSM-irqbalance: Decided to move IRQ5 from CPU0 [P:0] to CPU4 [P:1] (banned)
08-29 18:48:28.117   807   807 I MSM-irqbalance: Decided to move IRQ3 from CPU0 [P:0] to CPU4 [P:1] (banned)
08-29 18:48:33.117   807   807 I MSM-irqbalance: Decided to move IRQ5 from CPU0 [P:0] to CPU4 [P:1] (banned)
08-29 18:48:33.118   807   807 I MSM-irqbalance: Decided to move IRQ3 from CPU0 [P:0] to CPU4 [P:1] (banned)
08-29 18:48:33.942  3612  3624 I chatty  : uid=0(root) /system/vendor/bin/perfd expire 13 lines
08-29 18:48:34.475 28729 28862 I chatty  : uid=1000(system) Timer-0 expire 12 lines
08-29 18:48:38.116   807   807 I MSM-irqbalance: Decided to move IRQ5 from CPU0 [P:0] to CPU4 [P:1] (banned)
08-29 18:48:38.117   807   807 I MSM-irqbalance: Decided to move IRQ3 from CPU0 [P:0] to CPU4 [P:1] (banned)
08-29 18:48:43.118   807   807 I MSM-irqbalance: Decided to move IRQ5 from CPU0 [P:0] to CPU4 [P:1] (banned)
08-29 18:48:43.119   807   807 I MSM-irqbalance: Decided to move IRQ3 from CPU0 [P:0] to CPU4 [P:1] (banned)
08-29 18:48:46.254  7927  7989 D WorkerThreadMonitor: Kill MSF check result[ senderSize:0,sendInterval:11949500,receiveInterval=11949499,addCmdCount=0
08-29 18:48:46.475 28729 28862 I chatty  : uid=1000(system) Timer-0 expire 12 lines
08-29 18:48:46.782  3612  3624 I chatty  : uid=0(root) /system/vendor/bin/perfd expire 17 lines
08-29 18:48:48.117   807   807 I MSM-irqbalance: Decided to move IRQ5 from CPU0 [P:0] to CPU4 [P:1] (banned)
08-29 18:48:48.117   807   807 I MSM-irqbalance: Decided to move IRQ3 from CPU0 [P:0] to CPU4 [P:1] (banned)
08-29 18:48:53.117   807   807 I MSM-irqbalance: Decided to move IRQ5 from CPU0 [P:0] to CPU4 [P:1] (banned)
08-29 18:48:53.117   807   807 I MSM-irqbalance: Decided to move IRQ3 from CPU0 [P:0] to CPU4 [P:1] (banned)
08-29 18:48:53.436 29549 29607 I chatty  : uid=10198(com.tem.gettogether) expire 6 lines
08-29 18:48:58.116   807   807 I MSM-irqbalance: Decided to move IRQ5 from CPU0 [P:0] to CPU4 [P:1] (banned)
08-29 18:48:58.117   807   807 I MSM-irqbalance: Decided to move IRQ3 from CPU0 [P:0] to CPU4 [P:1] (banned)
08-29 18:48:58.476 28729 28862 I chatty  : uid=1000(system) Timer-0 expire 36 lines
08-29 18:49:00.040 26233 26233 D Kgd.KeyguardUpdateMonitor: mTimeTickBroadcastReceiver current state is mBootCompleted=true mDeviceProvisioned=true mPhoneState=0 Keyguard.isShowing = false Keyguard.isOccluded = false mScreenOn=true
08-29 18:49:03.119   807   807 I MSM-irqbalance: Decided to move IRQ5 from CPU0 [P:0] to CPU4 [P:1] (banned)
08-29 18:49:03.120   807   807 I MSM-irqbalance: Decided to move IRQ3 from CPU0 [P:0] to CPU4 [P:1] (banned)
08-29 18:49:03.471 10343 10405 D WorkerThreadMonitor: Kill MSF check result[ senderSize:0,sendInterval:10747985,receiveInterval=10747984,addCmdCount=0
08-29 18:49:04.043  3612  3624 I chatty  : uid=0(root) /system/vendor/bin/perfd expire 15 lines
08-29 18:49:08.116   807   807 I MSM-irqbalance: Decided to move IRQ5 from CPU0 [P:0] to CPU4 [P:1] (banned)
08-29 18:49:08.117   807   807 I MSM-irqbalance: Decided to move IRQ3 from CPU0 [P:0] to CPU4 [P:1] (banned)
08-29 18:49:13.117   807   807 I MSM-irqbalance: Decided to move IRQ5 from CPU0 [P:0] to CPU4 [P:1] (banned)
08-29 18:49:13.118   807   807 I MSM-irqbalance: Decided to move IRQ3 from CPU0 [P:0] to CPU4 [P:1] (banned)
08-29 18:49:18.116   807   807 I MSM-irqbalance: Decided to move IRQ5 from CPU0 [P:0] to CPU4 [P:1] (banned)
08-29 18:49:18.116   807   807 I MSM-irqbalance: Decided to move IRQ3 from CPU0 [P:0] to CPU4 [P:1] (banned)
08-29 18:49:18.897  3612  3624 I chatty  : uid=0(root) /system/vendor/bin/perfd expire 15 lines
08-29 18:49:23.118   807   807 I MSM-irqbalance: Decided to move IRQ5 from CPU0 [P:0] to CPU4 [P:1] (banned)
08-29 18:49:23.118   807   807 I MSM-irqbalance: Decided to move IRQ3 from CPU0 [P:0] to CPU4 [P:1] (banned)
08-29 18:49:28.117   807   807 I MSM-irqbalance: Decided to move IRQ5 from CPU0 [P:0] to CPU4 [P:1] (banned)
08-29 18:49:28.118   807   807 I MSM-irqbalance: Decided to move IRQ3 from CPU0 [P:0] to CPU4 [P:1] (banned)
08-29 18:49:33.117   807   807 I MSM-irqbalance: Decided to move IRQ5 from CPU0 [P:0] to CPU4 [P:1] (banned)
08-29 18:49:33.118   807   807 I MSM-irqbalance: Decided to move IRQ3 from CPU0 [P:0] to CPU4 [P:1] (banned)
08-29 18:49:34.143  3612  3624 I chatty  : uid=0(root) /system/vendor/bin/perfd expire 13 lines
08-29 18:49:34.479 28729 28862 I chatty  : uid=1000(system) Timer-0 expire 12 lines
08-29 18:49:38.117   807   807 I MSM-irqbalance: Decided to move IRQ5 from CPU0 [P:0] to CPU4 [P:1] (banned)
08-29 18:49:38.118   807   807 I MSM-irqbalance: Decided to move IRQ3 from CPU0 [P:0] to CPU4 [P:1] (banned)
08-29 18:49:43.118   807   807 I MSM-irqbalance: Decided to move IRQ5 from CPU0 [P:0] to CPU4 [P:1] (banned)
08-29 18:49:43.118   807   807 I MSM-irqbalance: Decided to move IRQ3 from CPU0 [P:0] to CPU4 [P:1] (banned)
08-29 18:49:46.321  7927  7989 D WorkerThreadMonitor: Kill MSF check result[ senderSize:0,sendInterval:12009566,receiveInterval=12009565,addCmdCount=0
08-29 18:49:46.479 28729 28862 I chatty  : uid=1000(system) Timer-0 expire 12 lines
08-29 18:49:46.985  3612  3624 I chatty  : uid=0(root) /system/vendor/bin/perfd expire 17 lines
08-29 18:49:48.117   807   807 I MSM-irqbalance: Decided to move IRQ5 from CPU0 [P:0] to CPU4 [P:1] (banned)
08-29 18:49:48.118   807   807 I MSM-irqbalance: Decided to move IRQ3 from CPU0 [P:0] to CPU4 [P:1] (banned)
08-29 18:49:53.117   807   807 I MSM-irqbalance: Decided to move IRQ5 from CPU0 [P:0] to CPU4 [P:1] (banned)
08-29 18:49:53.118   807   807 I MSM-irqbalance: Decided to move IRQ3 from CPU0 [P:0] to CPU4 [P:1] (banned)
08-29 18:49:55.118  1471  2597 I chatty  : uid=1000(system) watchdog expire 9 lines
08-29 18:49:58.117   807   807 I MSM-irqbalance: Decided to move IRQ5 from CPU0 [P:0] to CPU4 [P:1] (banned)
08-29 18:49:58.118   807   807 I MSM-irqbalance: Decided to move IRQ3 from CPU0 [P:0] to CPU4 [P:1] (banned)
08-29 18:49:58.480 28729 28862 I chatty  : uid=1000(system) Timer-0 expire 24 lines
08-29 18:50:00.052 26233 26233 D Kgd.KeyguardUpdateMonitor: mTimeTickBroadcastReceiver current state is mBootCompleted=true mDeviceProvisioned=true mPhoneState=0 Keyguard.isShowing = false Keyguard.isOccluded = false mScreenOn=true
08-29 18:50:03.117   807   807 I MSM-irqbalance: Decided to move IRQ5 from CPU0 [P:0] to CPU4 [P:1] (banned)
08-29 18:50:03.118   807   807 I MSM-irqbalance: Decided to move IRQ3 from CPU0 [P:0] to CPU4 [P:1] (banned)
08-29 18:50:03.516 10343 10405 D WorkerThreadMonitor: Kill MSF check result[ senderSize:0,sendInterval:10808029,receiveInterval=10808028,addCmdCount=0
08-29 18:50:04.232  3612  3624 I chatty  : uid=0(root) /system/vendor/bin/perfd expire 14 lines
08-29 18:50:05.646  1471 31156 I chatty  : uid=1000 system_server expire 1 line
08-29 18:50:05.651 10343 10343 D MSFAliveJobService: MSF_Alive_Log MSFAliveJobService onCreate 
08-29 18:50:05.666 10343 10343 D MSFAliveJobService: MSF_Alive_Log MSFAliveJobService onStartJob 
08-29 18:50:05.667 10343 10410 D MSF.C.ConfigManager: MSF_Alive_Log get config jobscheduler_enable=2
08-29 18:50:05.667 10343 10410 D MSFAliveManager: MSF_Alive_Log get job state = 2
08-29 18:50:05.667 10343 10410 D MSFAliveJobService: MSF_Alive_Log MSFAliveJobService handleMessage start service
08-29 18:50:05.667 10343 10410 D MSFAliveJobService: MSF_Alive_Log : isDeviceIdleMode=false, netWorkFailTime=0, enterIdle=0 levelIdle=0,netFailInterval=1567075805667
08-29 18:50:05.677  9382  9382 I AutoUpdateWeatherService: onStartJob JobId:-588471739
08-29 18:50:05.718  9382  9382 I OppoWeatherService: mAttentCityId:1 mIsAll:false mJobId:-588471739
08-29 18:50:05.798 29645 29844 I chatty  : uid=10198(com.tem.gettogether) expire 4 lines
08-29 18:50:05.813  9382 31159 E UpdateWeatherManager: GET url = http://i1.weather.oppomobile.com/chinaWeather/smChinaWeathersGz/2019082918/101210904-2019082918.json.gz
08-29 18:50:05.818  9382 31159 I DpmTcmClient: RegisterTcmMonitor from: org.apache.http.impl.conn.TcmIdleTimerMonitor
08-29 18:50:05.822   695 31160 I chatty  : uid=0(root) /system/bin/netd expire 2 lines
08-29 18:50:05.878  9382 31159 D libc-netbsd: [getaddrinfo]:  hostname=i1.weather.oppomobile.com; servname=(null);   app_uid=10086; ai_addrlen=0; ai_canonname=(null); ai_flags=1024; ai_family=0 from prox result 0
08-29 18:50:05.879  9382 31159 I System.out: [socket] connection /115.231.171.70:80;LocalPort=58976(5000)
08-29 18:50:05.946  9382 31159 I UpdateWeatherManager: lookUpIfHaveBadWeather call.
08-29 18:50:06.286  9382 31159 W UpdateWeatherThread: mInnerUpdateListener is null when notifyUpdateWeatherDataObserver
08-29 18:50:06.287  9382  9382 I AutoUpdateWeatherService: onReceive: com.oppo.weather.action.updatecomplete success: 1 jobid:-588471739
08-29 18:50:06.287  9382  9382 I AutoUpdateWeatherService: jobFinished JobId:-588471739
08-29 18:50:06.292  9382  9382 I ServiceAutoUpdateWeather: launchUpdateWeatherServiceInDelayTime
08-29 18:50:06.294  9382  9382 I AutoUpdateWeatherService: onStopJob JobId:-588471739
08-29 18:50:08.118   807   807 I MSM-irqbalance: Decided to move IRQ3 from CPU0 [P:0] to CPU4 [P:1] (banned)
08-29 18:50:08.119   807   807 I MSM-irqbalance: Decided to move IRQ5 from CPU0 [P:0] to CPU4 [P:1] (banned)
08-29 18:50:13.117   807   807 I MSM-irqbalance: Decided to move IRQ3 from CPU0 [P:0] to CPU4 [P:1] (banned)
08-29 18:50:13.118   807   807 I MSM-irqbalance: Decided to move IRQ5 from CPU0 [P:0] to CPU4 [P:1] (banned)
08-29 18:50:18.117   807   807 I MSM-irqbalance: Decided to move IRQ5 from CPU0 [P:0] to CPU4 [P:1] (banned)
08-29 18:50:18.118   807   807 I MSM-irqbalance: Decided to move IRQ3 from CPU0 [P:0] to CPU4 [P:1] (banned)
08-29 18:50:18.277  3612  3624 I chatty  : uid=0(root) /system/vendor/bin/perfd expire 15 lines
08-29 18:50:22.480 28729 28862 I chatty  : uid=1000(system) Timer-0 expire 16 lines
08-29 18:50:23.117   807   807 I MSM-irqbalance: Decided to move IRQ5 from CPU0 [P:0] to CPU4 [P:1] (banned)
08-29 18:50:23.117   807   807 I MSM-irqbalance: Decided to move IRQ3 from CPU0 [P:0] to CPU4 [P:1] (banned)
08-29 18:50:23.437 29549 29561 I chatty  : uid=10198(com.tem.gettogether) expire 8 lines
08-29 18:50:28.119   807   807 I MSM-irqbalance: Decided to move IRQ5 from CPU0 [P:0] to CPU4 [P:1] (banned)
08-29 18:50:28.119   807   807 I MSM-irqbalance: Decided to move IRQ3 from CPU0 [P:0] to CPU4 [P:1] (banned)
08-29 18:50:33.117   807   807 I MSM-irqbalance: Decided to move IRQ5 from CPU0 [P:0] to CPU4 [P:1] (banned)
08-29 18:50:33.117   807   807 I MSM-irqbalance: Decided to move IRQ3 from CPU0 [P:0] to CPU4 [P:1] (banned)
08-29 18:50:33.123  3612  3624 I chatty  : uid=0(root) /system/vendor/bin/perfd expire 13 lines
08-29 18:50:38.117   807   807 I MSM-irqbalance: Decided to move IRQ5 from CPU0 [P:0] to CPU4 [P:1] (banned)
08-29 18:50:38.118   807   807 I MSM-irqbalance: Decided to move IRQ3 from CPU0 [P:0] to CPU4 [P:1] (banned)
08-29 18:50:38.438 29549 29573 I chatty  : uid=10198(com.tem.gettogether) expire 4 lines
08-29 18:50:38.483 28729 28862 I chatty  : uid=1000(system) Timer-0 expire 32 lines
08-29 18:50:43.117   807   807 I MSM-irqbalance: Decided to move IRQ5 from CPU0 [P:0] to CPU4 [P:1] (banned)
08-29 18:50:43.118   807   807 I MSM-irqbalance: Decided to move IRQ3 from CPU0 [P:0] to CPU4 [P:1] (banned)
08-29 18:50:46.345  7927  7989 D WorkerThreadMonitor: Kill MSF check result[ senderSize:0,sendInterval:12069590,receiveInterval=12069589,addCmdCount=0
08-29 18:50:46.361  3612  3624 I chatty  : uid=0(root) /system/vendor/bin/perfd expire 17 lines
08-29 18:50:48.117   807   807 I MSM-irqbalance: Decided to move IRQ5 from CPU0 [P:0] to CPU4 [P:1] (banned)
08-29 18:50:48.117   807   807 I MSM-irqbalance: Decided to move IRQ3 from CPU0 [P:0] to CPU4 [P:1] (banned)
08-29 18:50:53.117   807   807 I MSM-irqbalance: Decided to move IRQ5 from CPU0 [P:0] to CPU4 [P:1] (banned)
08-29 18:50:53.117   807   807 I MSM-irqbalance: Decided to move IRQ3 from CPU0 [P:0] to CPU4 [P:1] (banned)
08-29 18:50:58.117   807   807 I MSM-irqbalance: Decided to move IRQ5 from CPU0 [P:0] to CPU4 [P:1] (banned)
08-29 18:50:58.118   807   807 I MSM-irqbalance: Decided to move IRQ3 from CPU0 [P:0] to CPU4 [P:1] (banned)
08-29 18:51:00.050 26233 26233 D Kgd.KeyguardUpdateMonitor: mTimeTickBroadcastReceiver current state is mBootCompleted=true mDeviceProvisioned=true mPhoneState=0 Keyguard.isShowing = false Keyguard.isOccluded = false mScreenOn=true
08-29 18:51:03.116   807   807 I MSM-irqbalance: Decided to move IRQ5 from CPU0 [P:0] to CPU4 [P:1] (banned)
08-29 18:51:03.117   807   807 I MSM-irqbalance: Decided to move IRQ3 from CPU0 [P:0] to CPU4 [P:1] (banned)
08-29 18:51:03.229  3612  3624 I chatty  : uid=0(root) /system/vendor/bin/perfd expire 15 lines
08-29 18:51:03.576 10343 10405 D WorkerThreadMonitor: Kill MSF check result[ senderSize:0,sendInterval:10868090,receiveInterval=10868089,addCmdCount=0
08-29 18:51:08.117   807   807 I MSM-irqbalance: Decided to move IRQ5 from CPU0 [P:0] to CPU4 [P:1] (banned)
08-29 18:51:08.118   807   807 I MSM-irqbalance: Decided to move IRQ3 from CPU0 [P:0] to CPU4 [P:1] (banned)
08-29 18:51:10.487 28729 28862 I chatty  : uid=1000(system) Timer-0 expire 24 lines
08-29 18:51:13.117   807   807 I MSM-irqbalance: Decided to move IRQ5 from CPU0 [P:0] to CPU4 [P:1] (banned)
08-29 18:51:13.117   807   807 I MSM-irqbalance: Decided to move IRQ3 from CPU0 [P:0] to CPU4 [P:1] (banned)
08-29 18:51:18.117   807   807 I MSM-irqbalance: Decided to move IRQ5 from CPU0 [P:0] to CPU4 [P:1] (banned)
08-29 18:51:18.118   807   807 I MSM-irqbalance: Decided to move IRQ3 from CPU0 [P:0] to CPU4 [P:1] (banned)
08-29 18:51:18.479  3612  3624 I chatty  : uid=0(root) /system/vendor/bin/perfd expire 20 lines
08-29 18:51:23.117   807   807 I MSM-irqbalance: Decided to move IRQ5 from CPU0 [P:0] to CPU4 [P:1] (banned)
08-29 18:51:23.117   807   807 I MSM-irqbalance: Decided to move IRQ3 from CPU0 [P:0] to CPU4 [P:1] (banned)
08-29 18:51:28.117   807   807 I MSM-irqbalance: Decided to move IRQ5 from CPU0 [P:0] to CPU4 [P:1] (banned)
08-29 18:51:28.118   807   807 I MSM-irqbalance: Decided to move IRQ3 from CPU0 [P:0] to CPU4 [P:1] (banned)
08-29 18:51:33.116   807   807 I MSM-irqbalance: Decided to move IRQ5 from CPU0 [P:0] to CPU4 [P:1] (banned)
08-29 18:51:33.117   807   807 I MSM-irqbalance: Decided to move IRQ3 from CPU0 [P:0] to CPU4 [P:1] (banned)
08-29 18:51:34.490 28729 28862 I chatty  : uid=1000(system) Timer-0 expire 12 lines
08-29 18:51:38.117   807   807 I MSM-irqbalance: Decided to move IRQ5 from CPU0 [P:0] to CPU4 [P:1] (banned)
08-29 18:51:38.118   807   807 I MSM-irqbalance: Decided to move IRQ3 from CPU0 [P:0] to CPU4 [P:1] (banned)
08-29 18:51:38.441 29549 29583 I chatty  : uid=10198(com.tem.gettogether) expire 4 lines
08-29 18:51:38.546  3612  3624 I chatty  : uid=0(root) /system/vendor/bin/perfd expire 22 lines
08-29 18:51:43.116   807   807 I MSM-irqbalance: Decided to move IRQ5 from CPU0 [P:0] to CPU4 [P:1] (banned)
08-29 18:51:43.117   807   807 I MSM-irqbalance: Decided to move IRQ3 from CPU0 [P:0] to CPU4 [P:1] (banned)
08-29 18:51:46.377  7927  7989 D WorkerThreadMonitor: Kill MSF check result[ senderSize:0,sendInterval:12129622,receiveInterval=12129621,addCmdCount=0
08-29 18:51:46.492 28729 28862 I chatty  : uid=1000(system) Timer-0 expire 12 lines
08-29 18:51:48.127   807   807 I MSM-irqbalance: Decided to move IRQ5 from CPU0 [P:0] to CPU4 [P:1] (banned)
08-29 18:51:48.128   807   807 I MSM-irqbalance: Decided to move IRQ3 from CPU0 [P:0] to CPU4 [P:1] (banned)
08-29 18:51:53.126   807   807 I MSM-irqbalance: Decided to move IRQ5 from CPU0 [P:0] to CPU4 [P:1] (banned)
08-29 18:51:53.127   807   807 I MSM-irqbalance: Decided to move IRQ3 from CPU0 [P:0] to CPU4 [P:1] (banned)
08-29 18:51:58.127   807   807 I MSM-irqbalance: Decided to move IRQ5 from CPU0 [P:0] to CPU4 [P:1] (banned)
08-29 18:51:58.128   807   807 I MSM-irqbalance: Decided to move IRQ3 from CPU0 [P:0] to CPU4 [P:1] (banned)
08-29 18:51:58.493 28729 28862 I chatty  : uid=1000(system) Timer-0 expire 24 lines
08-29 18:52:00.002  1471  1471 I ActivityManager: Killing 9465:com.svox.pico/u0a67 (adj 15): empty for 1815s
08-29 18:52:00.002  1471  1471 I ActivityManager: Killing 9395:com.android.packageinstaller/u0a76 (adj 15): empty for 1815s
08-29 18:52:00.004  1471  1471 I ActivityManager: Killing 9351:com.android.keychain/1000 (adj 15): empty for 1815s
08-29 18:52:00.005  1471  1471 I ActivityManager: Killing 9365:com.coloros.oppomultiapp/1000 (adj 15): empty for 1815s
08-29 18:52:00.006  1471  1471 I ActivityManager: Killing 9338:com.coloros.childrenspace/1000 (adj 15): empty for 1815s
08-29 18:52:00.014  1471 31258 E libprocessgroup: failed to kill 1 processes for processgroup 9465
08-29 18:52:00.017  1471 31262 E libprocessgroup: failed to kill 1 processes for processgroup 9351
08-29 18:52:00.018  1471 31269 E libprocessgroup: failed to kill 1 processes for processgroup 9365
08-29 18:52:00.046  1471  1827 D ActivityManager: cleanUpApplicationRecord -- 9365
08-29 18:52:00.047  1471 31259 E libprocessgroup: failed to kill 1 processes for processgroup 9395
08-29 18:52:00.048  1471 31271 E libprocessgroup: failed to kill 1 processes for processgroup 9338
08-29 18:52:00.055  1471  1811 D ActivityManager: cleanUpApplicationRecord -- 9395
08-29 18:52:00.055 26233 26233 D Kgd.KeyguardUpdateMonitor: mTimeTickBroadcastReceiver current state is mBootCompleted=true mDeviceProvisioned=true mPhoneState=0 Keyguard.isShowing = false Keyguard.isOccluded = false mScreenOn=true
08-29 18:52:00.068  1471  1808 D ActivityManager: cleanUpApplicationRecord -- 9338
08-29 18:52:00.086  1471  2707 D ActivityManager: cleanUpApplicationRecord -- 9465
08-29 18:52:00.106  1471  1547 D ActivityManager: cleanUpApplicationRecord -- 9351
08-29 18:52:00.613  3612  3624 I chatty  : uid=0(root) /system/vendor/bin/perfd expire 13 lines
08-29 18:52:03.126   807   807 I MSM-irqbalance: Decided to move IRQ5 from CPU0 [P:0] to CPU4 [P:1] (banned)
08-29 18:52:03.127   807   807 I MSM-irqbalance: Decided to move IRQ3 from CPU0 [P:0] to CPU4 [P:1] (banned)
08-29 18:52:03.638 10343 10405 D WorkerThreadMonitor: Kill MSF check result[ senderSize:0,sendInterval:10928151,receiveInterval=10928150,addCmdCount=0
08-29 18:52:08.127   807   807 I MSM-irqbalance: Decided to move IRQ5 from CPU0 [P:0] to CPU4 [P:1] (banned)
08-29 18:52:08.128   807   807 I MSM-irqbalance: Decided to move IRQ3 from CPU0 [P:0] to CPU4 [P:1] (banned)
08-29 18:52:13.126   807   807 I MSM-irqbalance: Decided to move IRQ5 from CPU0 [P:0] to CPU4 [P:1] (banned)
08-29 18:52:13.127   807   807 I MSM-irqbalance: Decided to move IRQ3 from CPU0 [P:0] to CPU4 [P:1] (banned)
08-29 18:52:13.456  3612  3624 I chatty  : uid=0(root) /system/vendor/bin/perfd expire 20 lines
08-29 18:52:18.127   807   807 I MSM-irqbalance: Decided to move IRQ5 from CPU0 [P:0] to CPU4 [P:1] (banned)
08-29 18:52:18.128   807   807 I MSM-irqbalance: Decided to move IRQ3 from CPU0 [P:0] to CPU4 [P:1] (banned)
08-29 18:52:22.494 28729 28862 I chatty  : uid=1000(system) Timer-0 expire 16 lines
08-29 18:52:23.126   807   807 I MSM-irqbalance: Decided to move IRQ5 from CPU0 [P:0] to CPU4 [P:1] (banned)
08-29 18:52:23.127   807   807 I MSM-irqbalance: Decided to move IRQ3 from CPU0 [P:0] to CPU4 [P:1] (banned)
08-29 18:52:28.127   807   807 I MSM-irqbalance: Decided to move IRQ5 from CPU0 [P:0] to CPU4 [P:1] (banned)
08-29 18:52:28.128   807   807 I MSM-irqbalance: Decided to move IRQ3 from CPU0 [P:0] to CPU4 [P:1] (banned)
08-29 18:52:33.127   807   807 I MSM-irqbalance: Decided to move IRQ5 from CPU0 [P:0] to CPU4 [P:1] (banned)
08-29 18:52:33.128   807   807 I MSM-irqbalance: Decided to move IRQ3 from CPU0 [P:0] to CPU6 [P:1] (banned)
08-29 18:52:33.128   807   807 I MSM-irqbalance: Decided to move IRQ268 from CPU1 [P:0] to CPU7 [P:1] (banned)
08-29 18:52:33.128   807   807 I MSM-irqbalance: Decided to move IRQ280 from CPU1 [P:0] to CPU5 [P:1] (banned)
08-29 18:52:33.129   807   807 I MSM-irqbalance: Decided to move IRQ5 from CPU1 [P:0] to CPU4 [P:1] (banned)
08-29 18:52:33.129   807   807 I MSM-irqbalance: Decided to move IRQ3 from CPU1 [P:0] to CPU6 [P:1] (banned)
08-29 18:52:33.521  3612  3624 I chatty  : uid=0(root) /system/vendor/bin/perfd expire 13 lines
08-29 18:52:35.624 29549 29602 I chatty  : uid=10198(com.tem.gettogether) expire 1 line
08-29 18:52:35.661  1471  1471 V BackupManagerService: Scheduling immediate backup pass
08-29 18:52:35.664  1471  1471 W BackupManagerService: Backup pass but e=false p=true
08-29 18:52:38.127   807   807 I MSM-irqbalance: Decided to move IRQ5 from CPU0 [P:0] to CPU4 [P:1] (banned)
08-29 18:52:38.128   807   807 I MSM-irqbalance: Decided to move IRQ280 from CPU0 [P:0] to CPU4 [P:1] (banned)
08-29 18:52:38.128   807   807 I MSM-irqbalance: Decided to move IRQ3 from CPU0 [P:0] to CPU4 [P:1] (banned)
08-29 18:52:38.494 28729 28862 I chatty  : uid=1000(system) Timer-0 expire 36 lines
08-29 18:52:43.126   807   807 I MSM-irqbalance: Decided to move IRQ5 from CPU0 [P:0] to CPU4 [P:1] (banned)
08-29 18:52:43.127   807   807 I MSM-irqbalance: Decided to move IRQ3 from CPU0 [P:0] to CPU4 [P:1] (banned)
08-29 18:52:46.409  7927  7989 D WorkerThreadMonitor: Kill MSF check result[ senderSize:0,sendInterval:12189655,receiveInterval=12189654,addCmdCount=0
08-29 18:52:46.758  3612  3624 I chatty  : uid=0(root) /system/vendor/bin/perfd expire 6 lines
08-29 18:52:48.127   807   807 I MSM-irqbalance: Decided to move IRQ5 from CPU0 [P:0] to CPU4 [P:1] (banned)
08-29 18:52:48.128   807   807 I MSM-irqbalance: Decided to move IRQ3 from CPU0 [P:0] to CPU4 [P:1] (banned)
08-29 18:52:49.133  1732  1740 I chatty  : uid=0(root) /system/bin/rutilsdaemon expire 1 line
08-29 18:52:52.777  3612  3624 E ANDR-PERF-MPCTL: Invalid profile no. 0, total profiles 0 only
08-29 18:52:53.126   807   807 I MSM-irqbalance: Decided to move IRQ5 from CPU0 [P:0] to CPU4 [P:1] (banned)
08-29 18:52:53.127   807   807 I MSM-irqbalance: Decided to move IRQ3 from CPU0 [P:0] to CPU4 [P:1] (banned)
08-29 18:52:53.583  3612  3624 E ANDR-PERF-RESOURCEQS: Failed to reset optimization [3, 0]
08-29 18:52:54.783  3612  3624 E ANDR-PERF-MPCTL: Invalid profile no. 0, total profiles 0 only
08-29 18:52:55.589  3612  3624 E ANDR-PERF-RESOURCEQS: Failed to reset optimization [3, 0]
08-29 18:52:56.790  3612  3624 E ANDR-PERF-MPCTL: Invalid profile no. 0, total profiles 0 only
08-29 18:52:57.595  3612  3624 E ANDR-PERF-RESOURCEQS: Failed to reset optimization [3, 0]
08-29 18:52:58.127   807   807 I MSM-irqbalance: Decided to move IRQ5 from CPU0 [P:0] to CPU4 [P:1] (banned)
08-29 18:52:58.128   807   807 I MSM-irqbalance: Decided to move IRQ3 from CPU0 [P:0] to CPU4 [P:1] (banned)
08-29 18:52:58.798  3612  3624 E ANDR-PERF-MPCTL: Invalid profile no. 0, total profiles 0 only
08-29 18:52:59.603  3612  3624 E ANDR-PERF-RESOURCEQS: Failed to reset optimization [3, 0]
08-29 18:53:00.045 26233 26233 D Kgd.KeyguardUpdateMonitor: mTimeTickBroadcastReceiver current state is mBootCompleted=true mDeviceProvisioned=true mPhoneState=0 Keyguard.isShowing = false Keyguard.isOccluded = false mScreenOn=true
08-29 18:53:00.803  3612  3624 E ANDR-PERF-MPCTL: Invalid profile no. 0, total profiles 0 only
08-29 18:53:01.608  3612  3624 E ANDR-PERF-RESOURCEQS: Failed to reset optimization [3, 0]
08-29 18:53:02.810  3612  3624 E ANDR-PERF-MPCTL: Invalid profile no. 0, total profiles 0 only
08-29 18:53:03.127   807   807 I MSM-irqbalance: Decided to move IRQ5 from CPU0 [P:0] to CPU4 [P:1] (banned)
08-29 18:53:03.127   807   807 I MSM-irqbalance: Decided to move IRQ3 from CPU0 [P:0] to CPU4 [P:1] (banned)
08-29 18:53:03.615  3612  3624 E ANDR-PERF-RESOURCEQS: Failed to reset optimization [3, 0]
08-29 18:53:03.665 10343 10405 D WorkerThreadMonitor: Kill MSF check result[ senderSize:0,sendInterval:10988178,receiveInterval=10988177,addCmdCount=0
08-29 18:53:04.817  3612  3624 E ANDR-PERF-MPCTL: Invalid profile no. 0, total profiles 0 only
08-29 18:53:05.621  3612  3624 E ANDR-PERF-RESOURCEQS: Failed to reset optimization [3, 0]
08-29 18:53:06.822  3612  3624 E ANDR-PERF-MPCTL: Invalid profile no. 0, total profiles 0 only
08-29 18:53:07.628  3612  3624 E ANDR-PERF-RESOURCEQS: Failed to reset optimization [3, 0]
08-29 18:53:08.127   807   807 I MSM-irqbalance: Decided to move IRQ5 from CPU0 [P:0] to CPU4 [P:1] (banned)
08-29 18:53:08.128   807   807 I MSM-irqbalance: Decided to move IRQ3 from CPU0 [P:0] to CPU4 [P:1] (banned)
08-29 18:53:08.832  3612  3624 E ANDR-PERF-MPCTL: Invalid profile no. 0, total profiles 0 only
08-29 18:53:09.637  3612  3624 E ANDR-PERF-RESOURCEQS: Failed to reset optimization [3, 0]
08-29 18:53:10.837  3612  3624 E ANDR-PERF-MPCTL: Invalid profile no. 0, total profiles 0 only
08-29 18:53:11.643  3612  3624 E ANDR-PERF-RESOURCEQS: Failed to reset optimization [3, 0]
08-29 18:53:12.843  3612  3624 E ANDR-PERF-MPCTL: Invalid profile no. 0, total profiles 0 only
08-29 18:53:13.127   807   807 I MSM-irqbalance: Decided to move IRQ5 from CPU0 [P:0] to CPU4 [P:1] (banned)
08-29 18:53:13.127   807   807 I MSM-irqbalance: Decided to move IRQ3 from CPU0 [P:0] to CPU4 [P:1] (banned)
08-29 18:53:13.650  3612  3624 E ANDR-PERF-RESOURCEQS: Failed to reset optimization [3, 0]
08-29 18:53:14.494 28729 28862 I chatty  : uid=1000(system) Timer-0 expire 12 lines
08-29 18:53:14.848  3612  3624 E ANDR-PERF-MPCTL: Invalid profile no. 0, total profiles 0 only
08-29 18:53:15.654  3612  3624 E ANDR-PERF-RESOURCEQS: Failed to reset optimization [3, 0]
08-29 18:53:16.854  3612  3624 E ANDR-PERF-MPCTL: Invalid profile no. 0, total profiles 0 only
08-29 18:53:17.659  3612  3624 E ANDR-PERF-RESOURCEQS: Failed to reset optimization [3, 0]
08-29 18:53:18.127   807   807 I MSM-irqbalance: Decided to move IRQ5 from CPU0 [P:0] to CPU4 [P:1] (banned)
08-29 18:53:18.128   807   807 I MSM-irqbalance: Decided to move IRQ3 from CPU0 [P:0] to CPU4 [P:1] (banned)
08-29 18:53:18.861  3612  3624 E ANDR-PERF-MPCTL: Invalid profile no. 0, total profiles 0 only
08-29 18:53:19.133  1732  1740 E rutils  : releaseProcess gCount = 1
08-29 18:53:19.666  3612  3624 E ANDR-PERF-RESOURCEQS: Failed to reset optimization [3, 0]
08-29 18:53:20.866  3612  3624 E ANDR-PERF-MPCTL: Invalid profile no. 0, total profiles 0 only
08-29 18:53:21.672  3612  3624 E ANDR-PERF-RESOURCEQS: Failed to reset optimization [3, 0]
08-29 18:53:22.872  3612  3624 E ANDR-PERF-MPCTL: Invalid profile no. 0, total profiles 0 only
08-29 18:53:23.127   807   807 I MSM-irqbalance: Decided to move IRQ5 from CPU0 [P:0] to CPU4 [P:1] (banned)
08-29 18:53:23.127   807   807 I MSM-irqbalance: Decided to move IRQ3 from CPU0 [P:0] to CPU4 [P:1] (banned)
08-29 18:53:23.677  3612  3624 E ANDR-PERF-RESOURCEQS: Failed to reset optimization [3, 0]
08-29 18:53:24.877  3612  3624 E ANDR-PERF-MPCTL: Invalid profile no. 0, total profiles 0 only
08-29 18:53:25.684  3612  3624 E ANDR-PERF-RESOURCEQS: Failed to reset optimization [3, 0]
08-29 18:53:26.495 28729 28862 I chatty  : uid=1000(system) Timer-0 expire 12 lines
08-29 18:53:26.882  3612  3624 E ANDR-PERF-MPCTL: Invalid profile no. 0, total profiles 0 only
08-29 18:53:27.687  3612  3624 E ANDR-PERF-RESOURCEQS: Failed to reset optimization [3, 0]
08-29 18:53:28.127   807   807 I MSM-irqbalance: Decided to move IRQ5 from CPU0 [P:0] to CPU4 [P:1] (banned)
08-29 18:53:28.128   807   807 I MSM-irqbalance: Decided to move IRQ3 from CPU0 [P:0] to CPU4 [P:1] (banned)
08-29 18:53:28.890  3612  3624 E ANDR-PERF-MPCTL: Invalid profile no. 0, total profiles 0 only
08-29 18:53:29.694  3612  3624 E ANDR-PERF-RESOURCEQS: Failed to reset optimization [3, 0]
08-29 18:53:30.895  361