08-29 18:21:48.323   695 29690 I chatty  : uid=0(root) /system/bin/netd expire 2 lines
08-29 18:21:48.352 28320 28461 D libc-netbsd: [getaddrinfo]:  hostname=aps.amap.com; servname=(null);   app_uid=10050; ai_addrlen=0; ai_canonname=(null); ai_flags=1024; ai_family=0 from prox result 0
08-29 18:21:48.352 28320 28461 I System.out: [socket] connection aps.amap.com/203.119.211.251:80;LocalPort=44521(10000)
08-29 18:21:48.355 29549 29678 I chatty  : uid=10198(com.tem.gettogether) expire 2 lines
08-29 18:21:48.456 28320 28461 D ANLP    : location success
08-29 18:21:48.457 28320 28320 D ANLP    : reportLocation[n]
08-29 18:21:48.459  1471  1533 I chatty  : uid=1000(system) android.bg expire 6 lines
08-29 18:21:48.464 28320 28334 D ANLP    : minTime: 86400000, client: []
08-29 18:21:48.732 29549 29692 I chatty  : uid=10198(com.tem.gettogether) expire 3 lines
08-29 18:21:48.795  1471  2707 V WindowManager: Changing focus from null to Window{c58edc1 u0 com.tem.gettogether/com.tem.gettogether.activity.SplashActivity} Callers=com.android.server.wm.WindowManagerService.relayoutWindow:3805 com.android.server.wm.Session.relayout:217 android.view.IWindowSession$Stub.onTransact:284 com.android.server.wm.Session.onTransact:143 
08-29 18:21:48.880   695 29702 I chatty  : uid=0(root) /system/bin/netd expire 2 lines
08-29 18:21:48.881 29549 29691 I chatty  : uid=10198(com.tem.gettogether) expire 2 lines
08-29 18:21:48.917  2775  3332 I Launcher.LauncherTraceUtil: writeLauncherStateToFile. The mStateTrace is null!
08-29 18:21:49.003  1471  1547 I ActivityManager: START u0 {cmp=com.tem.gettogether/.activity.MainActivity} from uid 10198 and from pid 29549 on display 0
08-29 18:21:49.029  1471  2276 I WindowManager: finishPostLayoutPolicyLw (statusbar != null ) true topIsFullscreen false top = null
08-29 18:21:49.029  1471  2276 I StatusBarManagerService:  topIsFullscreen fullscreen false
08-29 18:21:49.037  1471  1811 W ActivityManager: Start dexopt: 10198
08-29 18:21:49.090 29709 29709 I chatty  : uid=10198(com.tem.gettogether) expire 2 lines
08-29 18:21:49.092  1471  2707 W ActivityManager: Finish dexopt: 10198
08-29 18:21:49.143  1471  2267 W ActivityManager: Start dexopt: 10198
08-29 18:21:49.177  1471  1486 W ActivityManager: Start dexopt: 10198
08-29 18:21:49.196 29713 29713 I chatty  : uid=10198(com.tem.gettogether) expire 2 lines
08-29 18:21:49.199  1471  2275 W ActivityManager: Finish dexopt: 10198
08-29 18:21:49.235 29715 29715 I chatty  : uid=10198(com.tem.gettogether) expire 2 lines
08-29 18:21:49.260  1471  1827 W ActivityManager: Start dexopt: 10198
08-29 18:21:49.309  1471  2271 W ActivityManager: Start dexopt: 10198
08-29 18:21:49.315 29720 29720 I chatty  : uid=10198(com.tem.gettogether) expire 2 lines
08-29 18:21:49.317  1471  1813 W ActivityManager: Finish dexopt: 10198
08-29 18:21:49.362 29723 29723 I chatty  : uid=10198(com.tem.gettogether) expire 2 lines
08-29 18:21:49.362  1471  1808 W ActivityManager: Start dexopt: 10198
08-29 18:21:49.364  1471  1486 W ActivityManager: Finish dexopt: 10198
08-29 18:21:49.388  1471  1547 W ActivityManager: Start dexopt: 10198
08-29 18:21:49.418 29727 29727 I chatty  : uid=10198(com.tem.gettogether) expire 2 lines
08-29 18:21:49.420  1471  2309 W ActivityManager: Finish dexopt: 10198
08-29 18:21:49.443 29730 29730 I chatty  : uid=10198(com.tem.gettogether) expire 2 lines
08-29 18:21:49.458  1471  1485 W ActivityManager: Start dexopt: 10198
08-29 18:21:49.467  1471  2707 V WindowManager: Changing focus from Window{c58edc1 u0 com.tem.gettogether/com.tem.gettogether.activity.SplashActivity} to Window{8671597 u0 com.tem.gettogether/com.tem.gettogether.activity.MainActivity} Callers=com.android.server.wm.WindowManagerService.addWindow:2902 com.android.server.wm.Session.addToDisplay:181 android.view.IWindowSession$Stub.onTransact:124 com.android.server.wm.Session.onTransact:143 
08-29 18:21:49.496  1471  1827 W ActivityManager: Start dexopt: 10198
08-29 18:21:49.520 29735 29735 I chatty  : uid=10198(com.tem.gettogether) expire 2 lines
08-29 18:21:49.522  1471  1813 W ActivityManager: Finish dexopt: 10198
08-29 18:21:49.547  1471  2264 W ActivityManager: Start dexopt: 10198
08-29 18:21:49.551 29737 29737 I chatty  : uid=10198(com.tem.gettogether) expire 2 lines
08-29 18:21:49.553  1471  2267 W ActivityManager: Finish dexopt: 10198
08-29 18:21:49.559 29549 29742 I chatty  : uid=10198(com.tem.gettogether) expire 2 lines
08-29 18:21:49.588  1471  1827 W ActivityManager: Start dexopt: 10198
08-29 18:21:49.607 29743 29743 I chatty  : uid=10198(com.tem.gettogether) expire 2 lines
08-29 18:21:49.609  1471  2276 W ActivityManager: Finish dexopt: 10198
08-29 18:21:49.631  1471  1840 W ActivityManager: Start dexopt: 10198
08-29 18:21:49.643 29745 29745 I chatty  : uid=10198(com.tem.gettogether) expire 2 lines
08-29 18:21:49.645  1471  1811 W ActivityManager: Finish dexopt: 10198
08-29 18:21:49.674  1471  1485 W ActivityManager: Start dexopt: 10198
08-29 18:21:49.687 29748 29748 I chatty  : uid=10198(com.tem.gettogether) expire 2 lines
08-29 18:21:49.690  1471  1728 W ActivityManager: Finish dexopt: 10198
08-29 18:21:49.723  1471  2264 W ActivityManager: Start dexopt: 10198
08-29 18:21:49.730 29751 29751 I chatty  : uid=10198(com.tem.gettogether) expire 2 lines
08-29 18:21:49.733  1471  2267 W ActivityManager: Finish dexopt: 10198
08-29 18:21:49.756  1471  1827 W ActivityManager: Start dexopt: 10198
08-29 18:21:49.778 29755 29755 I chatty  : uid=10198(com.tem.gettogether) expire 2 lines
08-29 18:21:49.780  1471  2276 W ActivityManager: Finish dexopt: 10198
08-29 18:21:49.826  1471  1840 W ActivityManager: Start dexopt: 10198
08-29 18:21:49.827 29757 29757 I chatty  : uid=10198(com.tem.gettogether) expire 2 lines
08-29 18:21:49.830  1471  1811 W ActivityManager: Finish dexopt: 10198
08-29 18:21:49.862  1471  1485 W ActivityManager: Start dexopt: 10198
08-29 18:21:49.883 29762 29762 I chatty  : uid=10198(com.tem.gettogether) expire 2 lines
08-29 18:21:49.885  1471  1728 W ActivityManager: Finish dexopt: 10198
08-29 18:21:49.916  1471  2275 W ActivityManager: Start dexopt: 10198
08-29 18:21:49.919 29764 29764 I chatty  : uid=10198(com.tem.gettogether) expire 2 lines
08-29 18:21:49.921  1471  1547 W ActivityManager: Finish dexopt: 10198
08-29 18:21:49.966  1471  1827 W ActivityManager: Start dexopt: 10198
08-29 18:21:49.973 29768 29768 I chatty  : uid=10198(com.tem.gettogether) expire 2 lines
08-29 18:21:49.975  1471  2276 W ActivityManager: Finish dexopt: 10198
08-29 18:21:50.026 29772 29772 I chatty  : uid=10198(com.tem.gettogether) expire 2 lines
08-29 18:21:50.055  1471  2707 W ActivityManager: Start dexopt: 10198
08-29 18:21:50.110 29776 29776 I chatty  : uid=10198(com.tem.gettogether) expire 2 lines
08-29 18:21:50.113  1471  2267 W ActivityManager: Finish dexopt: 10198
08-29 18:21:50.254 29549 29770 I chatty  : uid=10198(com.tem.gettogether) expire 1 line
08-29 18:21:50.258 29549 29774 I chatty  : uid=10198(com.tem.gettogether) expire 1 line
08-29 18:21:50.307 29622 29781 I chatty  : uid=10198(com.tem.gettogether) expire 1 line
08-29 18:21:50.332 28729 28862 I chatty  : uid=1000(system) Timer-0 expire 20 lines
08-29 18:21:50.362  1471  2267 V WindowManager: Changing focus from Window{8671597 u0 com.tem.gettogether/com.tem.gettogether.activity.MainActivity EXITING} to Window{aec76d u0 com.tem.gettogether/com.tem.gettogether.activity.MainActivity} Callers=com.android.server.wm.WindowManagerService.removeWindowLocked:3070 com.android.server.wm.WindowManagerService.removeWindow:3000 com.android.server.wm.Session.remove:200 android.view.IWindowSession$Stub.onTransact:242 
08-29 18:21:50.368 29622 29791 I chatty  : uid=10198(com.tem.gettogether) expire 33 lines
08-29 18:21:50.388   695 29796 I chatty  : uid=0(root) /system/bin/netd expire 1 line
08-29 18:21:50.419 29622 29802 I chatty  : uid=10198(com.tem.gettogether) expire 4 lines
08-29 18:21:50.430 29645 29806 I chatty  : uid=10198(com.tem.gettogether) expire 1 line
08-29 18:21:50.470 29645 29808 I chatty  : uid=10198(com.tem.gettogether) expire 33 lines
08-29 18:21:50.498   695 29821 I chatty  : uid=0(root) /system/bin/netd expire 1 line
08-29 18:21:50.500  1471  1486 I chatty  : uid=1000(system) Binder_2 expire 1 line
08-29 18:21:50.501  1471  2626 I chatty  : uid=1000(system) FLP Service Cal expire 4 lines
08-29 18:21:50.502 28320 28339 D ANLP    : minTime: 0, client: []
08-29 18:21:50.502 28320 28320 D ANLP    : reportLocation[l]
08-29 18:21:50.506 28320 28461 D ANLP    : location net: true
08-29 18:21:50.524 29645 29824 I chatty  : uid=10198(com.tem.gettogether) expire 4 lines
08-29 18:21:50.527 28320 28334 D ANLP    : minTime: 86400000, client: []
08-29 18:21:50.549 28320 28461 D ANLP    : new api result
08-29 18:21:50.566   695 29829 I chatty  : uid=0(root) /system/bin/netd expire 2 lines
08-29 18:21:50.567 29622 29814 I chatty  : uid=10198(com.tem.gettogether) expire 2 lines
08-29 18:21:50.621 28320 28339 D ANLP    : minTime: 0, client: []
08-29 18:21:50.622 28320 28320 D ANLP    : reportLocation[l]
08-29 18:21:50.628 28320 29809 D ANLP    : minTime: 86400000, client: []
08-29 18:21:50.654 28320 28461 D ANLP    : location success
08-29 18:21:50.657 28320 28320 D ANLP    : reportLocation[n]
08-29 18:21:50.678   695 29842 I chatty  : uid=0(root) /system/bin/netd expire 2 lines
08-29 18:21:50.679 29645 29834 I chatty  : uid=10198(com.tem.gettogether) expire 2 lines
08-29 18:21:50.717 29645 29844 I chatty  : uid=10198(com.tem.gettogether) expire 11 lines
08-29 18:21:50.727   695 29848 I chatty  : uid=0(root) /system/bin/netd expire 2 lines
08-29 18:21:50.891 29645 29845 I chatty  : uid=10198(com.tem.gettogether) expire 2 lines
08-29 18:21:51.056 29645 29855 I chatty  : uid=10198(com.tem.gettogether) expire 11 lines
08-29 18:21:51.232  1471  1535 I chatty  : uid=1000(system) android.ui expire 3 lines
08-29 18:21:51.698 29549 29616 I chatty  : uid=10198(com.tem.gettogether) expire 2 lines
08-29 18:21:51.800 29622 29728 I chatty  : uid=10198(com.tem.gettogether) expire 1 line
08-29 18:21:51.897 29622 29643 I chatty  : uid=10198(com.tem.gettogether) expire 1 line
08-29 18:21:52.064 29549 29602 I chatty  : uid=10198(com.tem.gettogether) expire 12 lines
08-29 18:21:52.080 29549 29561 I chatty  : uid=10198(com.tem.gettogether) expire 17 lines
08-29 18:21:52.082 29622 29710 I chatty  : uid=10198(com.tem.gettogether) expire 1 line
08-29 18:21:52.087   695 29864 I chatty  : uid=0(root) /system/bin/netd expire 2 lines
08-29 18:21:52.089 29622 29863 I chatty  : uid=10198(com.tem.gettogether) expire 6 lines
08-29 18:21:52.090 29549 29583 I chatty  : uid=10198(com.tem.gettogether) expire 15 lines
08-29 18:21:52.177 29549 29607 I chatty  : uid=10198(com.tem.gettogether) expire 10 lines
08-29 18:21:52.179 29549 29573 I chatty  : uid=10198(com.tem.gettogether) expire 12 lines
08-29 18:21:52.189 29549 29565 I chatty  : uid=10198(com.tem.gettogether) expire 12 lines
08-29 18:21:52.203 29549 29598 I chatty  : uid=10198(com.tem.gettogether) expire 12 lines
08-29 18:21:52.228 29549 29560 I chatty  : uid=10198(com.tem.gettogether) expire 13 lines
08-29 18:21:53.302 29622 29868 I chatty  : uid=10198(com.tem.gettogether) expire 8 lines
08-29 18:21:53.407 29549 29613 I chatty  : uid=10198(com.tem.gettogether) expire 2 lines
08-29 18:22:00.061 26233 26233 D Kgd.KeyguardUpdateMonitor: mTimeTickBroadcastReceiver current state is mBootCompleted=true mDeviceProvisioned=true mPhoneState=0 Keyguard.isShowing = false Keyguard.isOccluded = false mScreenOn=true
08-29 18:22:02.148 10343 10405 D WorkerThreadMonitor: Kill MSF check result[ senderSize:0,sendInterval:9126661,receiveInterval=9126660,addCmdCount=0
08-29 18:22:03.853  3612  3624 I chatty  : uid=0(root) /system/vendor/bin/perfd expire 57 lines
08-29 18:22:10.334 28729 28862 I chatty  : uid=1000(system) Timer-0 expire 36 lines
08-29 18:22:19.872 29549 29549 I chatty  : uid=10198(com.tem.gettogether) expire 23 lines
08-29 18:22:28.088   807   807 I chatty  : uid=9999(nobody) /system/bin/msm_irqbalance expire 24 lines
08-29 18:22:41.409  1471  3308 I chatty  : uid=1000(system) DhcpClient expire 9 lines
08-29 18:22:41.460  1471  1670 I chatty  : uid=1000(system) WifiStateMachin expire 9 lines
08-29 18:22:41.510  1471 26440 I chatty  : uid=1000(system) Thread-2975 expire 1 line
08-29 18:22:41.563  1471  1675 D ConnectivityService: notifyType CAP_CHANGED for NetworkAgentInfo [WIFI () - 106]
08-29 18:22:41.618  1471  1536 I ActivityManager: Start proc 29915:com.coloros.datadialog/1000 for broadcast com.coloros.newsimdetect/com.coloros.datadialog.DataConnectionReceiver
08-29 18:22:41.672  3523  3539 I chatty  : uid=1000(system) /system/bin/oiface expire 1 line
08-29 18:22:41.679 29915 29915 I chatty  : uid=1000(system) expire 2 lines
08-29 18:22:43.569  1471  1671 I chatty  : uid=1000(system) CheckInternetAc expire 4 lines
08-29 18:22:43.576   695 29930 I chatty  : uid=0(root) /system/bin/netd expire 2 lines
08-29 18:22:44.834  7927  7989 D WorkerThreadMonitor: Kill MSF check result[ senderSize:0,sendInterval:10388080,receiveInterval=10388079,addCmdCount=0
08-29 18:22:46.334 28729 28862 I chatty  : uid=1000(system) Timer-0 expire 24 lines
08-29 18:22:49.104  1732  1740 I chatty  : uid=0(root) /system/bin/rutilsdaemon expire 10 lines
08-29 18:22:55.062  1471  2597 I chatty  : uid=1000(system) watchdog expire 10 lines
08-29 18:22:58.088   807   807 I chatty  : uid=9999(nobody) /system/bin/msm_irqbalance expire 48 lines
08-29 18:23:00.044 26233 26233 D Kgd.KeyguardUpdateMonitor: mTimeTickBroadcastReceiver current state is mBootCompleted=true mDeviceProvisioned=true mPhoneState=0 Keyguard.isShowing = false Keyguard.isOccluded = false mScreenOn=true
08-29 18:23:01.181  3612  3624 I chatty  : uid=0(root) /system/vendor/bin/perfd expire 62 lines
08-29 18:23:02.204 10343 10405 D WorkerThreadMonitor: Kill MSF check result[ senderSize:0,sendInterval:9186718,receiveInterval=9186717,addCmdCount=0
08-29 18:23:10.337 28729 28862 I chatty  : uid=1000(system) Timer-0 expire 44 lines
08-29 18:23:23.402 29549 29573 I chatty  : uid=10198(com.tem.gettogether) expire 10 lines
08-29 18:23:44.894  7927  7989 D WorkerThreadMonitor: Kill MSF check result[ senderSize:0,sendInterval:10448140,receiveInterval=10448139,addCmdCount=0
08-29 18:23:54.339 28729 28862 I chatty  : uid=1000(system) Timer-0 expire 60 lines
08-29 18:23:58.087   807   807 I chatty  : uid=9999(nobody) /system/bin/msm_irqbalance expire 45 lines
08-29 18:24:00.031 26233 26233 D Kgd.KeyguardUpdateMonitor: mTimeTickBroadcastReceiver current state is mBootCompleted=true mDeviceProvisioned=true mPhoneState=0 Keyguard.isShowing = false Keyguard.isOccluded = false mScreenOn=true
08-29 18:24:02.214 10343 10405 D WorkerThreadMonitor: Kill MSF check result[ senderSize:0,sendInterval:9246728,receiveInterval=9246727,addCmdCount=0
08-29 18:24:03.323  3612  3624 I chatty  : uid=0(root) /system/vendor/bin/perfd expire 59 lines
08-29 18:24:44.955  7927  7989 D WorkerThreadMonitor: Kill MSF check result[ senderSize:0,sendInterval:10508200,receiveInterval=10508199,addCmdCount=0
08-29 18:24:54.346 28729 28862 I chatty  : uid=1000(system) Timer-0 expire 60 lines
08-29 18:25:00.002  1471  1471 I ActivityManager: Killing 24526:com.nearme.instant.platform:provider/u0a104 (adj 15): empty for 1856s
08-29 18:25:00.014  1471 30024 E libprocessgroup: failed to kill 1 processes for processgroup 24526
08-29 18:25:00.014  1471  1813 D ActivityManager: cleanUpApplicationRecord -- 24526
08-29 18:25:00.044 26233 26233 D Kgd.KeyguardUpdateMonitor: mTimeTickBroadcastReceiver current state is mBootCompleted=true mDeviceProvisioned=true mPhoneState=0 Keyguard.isShowing = false Keyguard.isOccluded = false mScreenOn=true
08-29 18:25:02.247 10343 10405 D WorkerThreadMonitor: Kill MSF check result[ senderSize:0,sendInterval:9306761,receiveInterval=9306760,addCmdCount=0
08-29 18:25:02.279  3612  3624 I chatty  : uid=0(root) /system/vendor/bin/perfd expire 51 lines
08-29 18:25:03.097   807   807 I chatty  : uid=9999(nobody) /system/bin/msm_irqbalance expire 34 lines
08-29 18:25:44.986  7927  7989 D WorkerThreadMonitor: Kill MSF check result[ senderSize:0,sendInterval:10568231,receiveInterval=10568230,addCmdCount=0
08-29 18:25:51.069  1471  1536 I chatty  : uid=1000(system) BroadcastQueue expire 15 lines
08-29 18:25:51.074 29622 29622 I chatty  : uid=10198(com.tem.gettogether) expire 9 lines
08-29 18:25:51.075 29622 29840 I chatty  : uid=10198(com.tem.gettogether) expire 8 lines
08-29 18:25:51.099 29645 29645 I chatty  : uid=10198(com.tem.gettogether) expire 16 lines
08-29 18:25:51.105 29645 29844 I chatty  : uid=10198(com.tem.gettogether) expire 10 lines
08-29 18:25:53.619  3612  3624 I chatty  : uid=0(root) /system/vendor/bin/perfd expire 69 lines
08-29 18:25:54.349 28729 28862 I chatty  : uid=1000(system) Timer-0 expire 60 lines
08-29 18:25:58.099   807   807 I chatty  : uid=9999(nobody) /system/bin/msm_irqbalance expire 35 lines
08-29 18:26:00.030 26233 26233 D Kgd.KeyguardUpdateMonitor: mTimeTickBroadcastReceiver current state is mBootCompleted=true mDeviceProvisioned=true mPhoneState=0 Keyguard.isShowing = false Keyguard.isOccluded = false mScreenOn=true
08-29 18:26:02.304 10343 10405 D WorkerThreadMonitor: Kill MSF check result[ senderSize:0,sendInterval:9366818,receiveInterval=9366817,addCmdCount=0
08-29 18:26:45.046  7927  7989 D WorkerThreadMonitor: Kill MSF check result[ senderSize:0,sendInterval:10628292,receiveInterval=10628291,addCmdCount=0
08-29 18:26:54.353 28729 28862 I chatty  : uid=1000(system) Timer-0 expire 60 lines
08-29 18:26:58.100   807   807 I chatty  : uid=9999(nobody) /system/bin/msm_irqbalance expire 37 lines
08-29 18:27:00.031 26233 26233 D Kgd.KeyguardUpdateMonitor: mTimeTickBroadcastReceiver current state is mBootCompleted=true mDeviceProvisioned=true mPhoneState=0 Keyguard.isShowing = false Keyguard.isOccluded = false mScreenOn=true
08-29 18:27:02.364 10343 10405 D WorkerThreadMonitor: Kill MSF check result[ senderSize:0,sendInterval:9426878,receiveInterval=9426877,addCmdCount=0
08-29 18:27:02.622  3612  3624 I chatty  : uid=0(root) /system/vendor/bin/perfd expire 60 lines
08-29 18:27:45.086  7927  7989 D WorkerThreadMonitor: Kill MSF check result[ senderSize:0,sendInterval:10688331,receiveInterval=10688330,addCmdCount=0
08-29 18:27:49.108  1732  1740 I chatty  : uid=0(root) /system/bin/rutilsdaemon expire 10 lines
08-29 18:27:54.357 28729 28862 I chatty  : uid=1000(system) Timer-0 expire 60 lines
08-29 18:27:55.071  1471  2597 I chatty  : uid=1000(system) watchdog expire 10 lines
08-29 18:28:00.040 26233 26233 D Kgd.KeyguardUpdateMonitor: mTimeTickBroadcastReceiver current state is mBootCompleted=true mDeviceProvisioned=true mPhoneState=0 Keyguard.isShowing = false Keyguard.isOccluded = false mScreenOn=true
08-29 18:28:02.417 10343 10405 D WorkerThreadMonitor: Kill MSF check result[ senderSize:0,sendInterval:9486930,receiveInterval=9486929,addCmdCount=0
08-29 18:28:02.788  3612  3624 I chatty  : uid=0(root) /system/vendor/bin/perfd expire 43 lines
08-29 18:28:03.097   807   807 I chatty  : uid=9999(nobody) /system/bin/msm_irqbalance expire 33 lines
08-29 18:28:45.148  7927  7989 D WorkerThreadMonitor: Kill MSF check result[ senderSize:0,sendInterval:10748393,receiveInterval=10748392,addCmdCount=0
08-29 18:28:46.115  3612  3624 I chatty  : uid=0(root) /system/vendor/bin/perfd expire 25 lines
08-29 18:28:53.461 10343 30197 I health_manager: commit to file [isNeedCallback true,init:1,total:2,offset:0]
08-29 18:28:53.461  7927 30198 I health_manager: commit to file [isNeedCallback true,init:1,total:2,offset:0]
08-29 18:28:54.360 28729 28862 I chatty  : uid=1000(system) Timer-0 expire 60 lines
08-29 18:29:00.009  1471  1534 I ProcessStatsService: Prepared write state in 5ms
08-29 18:29:00.050 26233 26233 D Kgd.KeyguardUpdateMonitor: mTimeTickBroadcastReceiver current state is mBootCompleted=true mDeviceProvisioned=true mPhoneState=0 Keyguard.isShowing = false Keyguard.isOccluded = false mScreenOn=true
08-29 18:29:02.477 10343 10405 D WorkerThreadMonitor: Kill MSF check result[ senderSize:0,sendInterval:9546991,receiveInterval=9546990,addCmdCount=0
08-29 18:29:03.108   807   807 I chatty  : uid=9999(nobody) /system/bin/msm_irqbalance expire 21 lines
08-29 18:29:04.196  1471  6119 I chatty  : uid=1000(system) AsyncTask #8 expire 2 lines
08-29 18:29:08.988  3612  3624 I chatty  : uid=0(root) /system/vendor/bin/perfd expire 37 lines
08-29 18:29:10.751  1471  1471 I EntropyMixer: Writing entropy...
08-29 18:29:30.296   710   781 I chatty  : uid=1000(system) /system/bin/bspCriticalLog expire 2 lines
08-29 18:29:45.205  7927  7989 D WorkerThreadMonitor: Kill MSF check result[ senderSize:0,sendInterval:10808450,receiveInterval=10808449,addCmdCount=0
08-29 18:29:46.310  3612  3624 I chatty  : uid=0(root) /system/vendor/bin/perfd expire 17 lines
08-29 18:29:51.276  7927  7927 D MSFAliveJobService: MSF_Alive_Log MSFAliveJobService onCreate 
08-29 18:29:51.281  7927  7927 D MSFAliveJobService: MSF_Alive_Log MSFAliveJobService onStartJob 
08-29 18:29:51.281  7927  7995 D MSF.C.ConfigManager: MSF_Alive_Log get config jobscheduler_enable=2
08-29 18:29:51.281  7927  7995 D MSFAliveManager: MSF_Alive_Log get job state = 2
08-29 18:29:51.281  7927  7995 D MSFAliveJobService: MSF_Alive_Log MSFAliveJobService handleMessage start service
08-29 18:29:51.281  7927  7995 D MSFAliveJobService: MSF_Alive_Log : isDeviceIdleMode=false, netWorkFailTime=0, enterIdle=0 levelIdle=0,netFailInterval=1567074591281
08-29 18:29:51.289  9382  9382 I AutoUpdateWeatherService: onStartJob JobId:-590857414
08-29 18:29:51.293  9382  9382 I ServiceAutoUpdateWeather: -590857414, net = 0, max = 3636683, min = 900000
08-29 18:29:51.301  9382  9382 I ServiceAutoUpdateWeather: cancel 
08-29 18:29:51.301  9382  9382 I ServiceAutoUpdateWeather: list ()1
08-29 18:29:51.301  9382  9382 I ServiceAutoUpdateWeather: launchUpdateWeatherServiceInDelayTime delay time:1251014
08-29 18:29:51.398 29645 29844 I chatty  : uid=10198(com.tem.gettogether) expire 11 lines
08-29 18:29:53.106   807   807 I chatty  : uid=9999(nobody) /system/bin/msm_irqbalance expire 31 lines
08-29 18:29:54.368 28729 28862 I chatty  : uid=1000(system) Timer-0 expire 60 lines
08-29 18:30:00.035 26233 26233 D Kgd.KeyguardUpdateMonitor: mTimeTickBroadcastReceiver current state is mBootCompleted=true mDeviceProvisioned=true mPhoneState=0 Keyguard.isShowing = false Keyguard.isOccluded = false mScreenOn=true
08-29 18:30:02.498 10343 10405 D WorkerThreadMonitor: Kill MSF check result[ senderSize:0,sendInterval:9607012,receiveInterval=9607011,addCmdCount=0
08-29 18:30:03.172  3612  3624 I chatty  : uid=0(root) /system/vendor/bin/perfd expire 57 lines
08-29 18:30:45.264  7927  7989 D WorkerThreadMonitor: Kill MSF check result[ senderSize:0,sendInterval:10868510,receiveInterval=10868509,addCmdCount=0
08-29 18:30:54.374 28729 28862 I chatty  : uid=1000(system) Timer-0 expire 60 lines
08-29 18:31:00.059 26233 26233 D Kgd.KeyguardUpdateMonitor: mTimeTickBroadcastReceiver current state is mBootCompleted=true mDeviceProvisioned=true mPhoneState=0 Keyguard.isShowing = false Keyguard.isOccluded = false mScreenOn=true
08-29 18:31:00.572  3612  3624 I chatty  : uid=0(root) /system/vendor/bin/perfd expire 45 lines
08-29 18:31:02.514 10343 10405 D WorkerThreadMonitor: Kill MSF check result[ senderSize:0,sendInterval:9667027,receiveInterval=9667026,addCmdCount=0
08-29 18:31:08.108   807   807 I chatty  : uid=9999(nobody) /system/bin/msm_irqbalance expire 20 lines
08-29 18:31:45.325  7927  7989 D WorkerThreadMonitor: Kill MSF check result[ senderSize:0,sendInterval:10928570,receiveInterval=10928569,addCmdCount=0
08-29 18:31:45.516  3612  3624 I chatty  : uid=0(root) /system/vendor/bin/perfd expire 15 lines
08-29 18:31:54.384 28729 28862 I chatty  : uid=1000(system) Timer-0 expire 60 lines
08-29 18:31:58.108   807   807 I chatty  : uid=9999(nobody) /system/bin/msm_irqbalance expire 21 lines
08-29 18:32:00.038 26233 26233 D Kgd.KeyguardUpdateMonitor: mTimeTickBroadcastReceiver current state is mBootCompleted=true mDeviceProvisioned=true mPhoneState=0 Keyguard.isShowing = false Keyguard.isOccluded = false mScreenOn=true
08-29 18:32:00.756  3612  3624 I chatty  : uid=0(root) /system/vendor/bin/perfd expire 45 lines
08-29 18:32:02.567 10343 10405 D WorkerThreadMonitor: Kill MSF check result[ senderSize:0,sendInterval:9727080,receiveInterval=9727079,addCmdCount=0
08-29 18:32:23.414 29549 29598 I chatty  : uid=10198(com.tem.gettogether) expire 14 lines
08-29 18:32:38.417 29549 29583 I chatty  : uid=10198(com.tem.gettogether) expire 14 lines
08-29 18:32:45.385  7927  7989 D WorkerThreadMonitor: Kill MSF check result[ senderSize:0,sendInterval:10988631,receiveInterval=10988630,addCmdCount=0
08-29 18:32:45.696  3612  3624 I chatty  : uid=0(root) /system/vendor/bin/perfd expire 16 lines
08-29 18:32:48.107   807   807 I chatty  : uid=9999(nobody) /system/bin/msm_irqbalance expire 10 lines
08-29 18:32:49.113  1732  1740 I chatty  : uid=0(root) /system/bin/rutilsdaemon expire 10 lines
08-29 18:32:54.388 28729 28862 I chatty  : uid=1000(system) Timer-0 expire 60 lines
08-29 18:32:55.082  1471  2597 I chatty  : uid=1000(system) watchdog expire 20 lines
08-29 18:33:00.003  1471  1471 I ActivityManager: Killing 25845:com.cleanmaster.sdk:bg.clean/u0a34 (adj 15): empty for 1832s
08-29 18:33:00.004  1471  1471 I ActivityManager: Killing 25807:com.coloros.safecenter:task/1000 (adj 15): empty for 1854s
08-29 18:33:00.026  1471 30372 E libprocessgroup: failed to kill 1 processes for processgroup 25845
08-29 18:33:00.035  1471  2264 D ActivityManager: cleanUpApplicationRecord -- 25845
08-29 18:33:00.041  1471 30373 E libprocessgroup: failed to kill 1 processes for processgroup 25807
08-29 18:33:00.041 26233 26233 D Kgd.KeyguardUpdateMonitor: mTimeTickBroadcastReceiver current state is mBootCompleted=true mDeviceProvisioned=true mPhoneState=0 Keyguard.isShowing = false Keyguard.isOccluded = false mScreenOn=true
08-29 18:33:00.058  1471  1840 D ActivityManager: cleanUpApplicationRecord -- 25807
08-29 18:33:01.495   695  1494 I chatty  : uid=0(root) /system/bin/netd expire 2 lines
08-29 18:33:01.746  3612  3624 I chatty  : uid=0(root) /system/vendor/bin/perfd expire 44 lines
08-29 18:33:02.615 10343 10405 D WorkerThreadMonitor: Kill MSF check result[ senderSize:0,sendInterval:9787129,receiveInterval=9787128,addCmdCount=0
08-29 18:33:13.106   807   807 I chatty  : uid=9999(nobody) /system/bin/msm_irqbalance expire 20 lines
08-29 18:33:45.446  7927  7989 D WorkerThreadMonitor: Kill MSF check result[ senderSize:0,sendInterval:11048691,receiveInterval=11048690,addCmdCount=0
08-29 18:33:45.896  3612  3624 I chatty  : uid=0(root) /system/vendor/bin/perfd expire 17 lines
08-29 18:33:54.395 28729 28862 I chatty  : uid=1000(system) Timer-0 expire 60 lines
08-29 18:33:58.008 29549 29565 I chatty  : uid=10198(com.tem.gettogether) expire 13 lines
08-29 18:34:00.043 26233 26233 D Kgd.KeyguardUpdateMonitor: mTimeTickBroadcastReceiver current state is mBootCompleted=true mDeviceProvisioned=true mPhoneState=0 Keyguard.isShowing = false Keyguard.isOccluded = false mScreenOn=true
08-29 18:34:02.676 10343 10405 D WorkerThreadMonitor: Kill MSF check result[ senderSize:0,sendInterval:9847189,receiveInterval=9847188,addCmdCount=0
08-29 18:34:03.107   807   807 I chatty  : uid=9999(nobody) /system/bin/msm_irqbalance expire 18 lines
08-29 18:34:03.142  3612  3624 I chatty  : uid=0(root) /system/vendor/bin/perfd expire 60 lines
08-29 18:34:36.125  1471  1533 I UsageStatsService: User[0] Flushing usage stats to disk
08-29 18:34:45.495  7927  7989 D WorkerThreadMonitor: Kill MSF check result[ senderSize:0,sendInterval:11108741,receiveInterval=11108740,addCmdCount=0
08-29 18:34:48.107   807   807 I chatty  : uid=9999(nobody) /system/bin/msm_irqbalance expire 11 lines
08-29 18:34:54.401 28729 28862 I chatty  : uid=1000(system) Timer-0 expire 60 lines
08-29 18:35:00.040 26233 26233 D Kgd.KeyguardUpdateMonitor: mTimeTickBroadcastReceiver current state is mBootCompleted=true mDeviceProvisioned=true mPhoneState=0 Keyguard.isShowing = false Keyguard.isOccluded = false mScreenOn=true
08-29 18:35:02.721 10343 10405 D WorkerThreadMonitor: Kill MSF check result[ senderSize:0,sendInterval:9907234,receiveInterval=9907233,addCmdCount=0
08-29 18:35:03.330  3612  3624 I chatty  : uid=0(root) /system/vendor/bin/perfd expire 60 lines
08-29 18:35:13.108   807   807 I chatty  : uid=9999(nobody) /system/bin/msm_irqbalance expire 13 lines
08-29 18:35:38.419 29549 29561 I chatty  : uid=10198(com.tem.gettogether) expire 12 lines
08-29 18:35:45.512  7927  7989 D WorkerThreadMonitor: Kill MSF check result[ senderSize:0,sendInterval:11168757,receiveInterval=11168756,addCmdCount=0
08-29 18:35:48.116   807   807 I chatty  : uid=9999(nobody) /system/bin/msm_irqbalance expire 10 lines
08-29 18:35:53.420 29549 29602 I chatty  : uid=10198(com.tem.gettogether) expire 13 lines
08-29 18:35:54.403 28729 28862 I chatty  : uid=1000(system) Timer-0 expire 60 lines
08-29 18:36:00.032 26233 26233 D Kgd.KeyguardUpdateMonitor: mTimeTickBroadcastReceiver current state is mBootCompleted=true mDeviceProvisioned=true mPhoneState=0 Keyguard.isShowing = false Keyguard.isOccluded = false mScreenOn=true
08-29 18:36:02.782 10343 10405 D WorkerThreadMonitor: Kill MSF check result[ senderSize:0,sendInterval:9967295,receiveInterval=9967294,addCmdCount=0
08-29 18:36:03.529  3612  3624 I chatty  : uid=0(root) /system/vendor/bin/perfd expire 59 lines
08-29 18:36:13.117   807   807 I chatty  : uid=9999(nobody) /system/bin/msm_irqbalance expire 14 lines
08-29 18:36:45.573  7927  7989 D WorkerThreadMonitor: Kill MSF check result[ senderSize:0,sendInterval:11228818,receiveInterval=11228817,addCmdCount=0
08-29 18:36:48.116   807   807 I chatty  : uid=9999(nobody) /system/bin/msm_irqbalance expire 10 lines
08-29 18:36:53.421 29549 29560 I chatty  : uid=10198(com.tem.gettogether) expire 11 lines
08-29 18:36:54.408 28729 28862 I chatty  : uid=1000(system) Timer-0 expire 60 lines
08-29 18:36:59.061 29549 29607 I chatty  : uid=10198(com.tem.gettogether) expire 11 lines
08-29 18:37:00.037 26233 26233 D Kgd.KeyguardUpdateMonitor: mTimeTickBroadcastReceiver current state is mBootCompleted=true mDeviceProvisioned=true mPhoneState=0 Keyguard.isShowing = false Keyguard.isOccluded = false mScreenOn=true
08-29 18:37:02.532  3612  3624 I chatty  : uid=0(root) /system/vendor/bin/perfd expire 43 lines
08-29 18:37:02.835 10343 10405 D WorkerThreadMonitor: Kill MSF check result[ senderSize:0,sendInterval:10027348,receiveInterval=10027347,addCmdCount=0
08-29 18:37:13.120   807   807 I chatty  : uid=9999(nobody) /system/bin/msm_irqbalance expire 14 lines
08-29 18:37:45.634  7927  7989 D WorkerThreadMonitor: Kill MSF check result[ senderSize:0,sendInterval:11288879,receiveInterval=11288878,addCmdCount=0
08-29 18:37:45.866  3612  3624 I chatty  : uid=0(root) /system/vendor/bin/perfd expire 17 lines
08-29 18:37:48.116   807   807 I chatty  : uid=9999(nobody) /system/bin/msm_irqbalance expire 11 lines
08-29 18:37:49.119  1732  1740 I chatty  : uid=0(root) /system/bin/rutilsdaemon expire 10 lines
08-29 18:37:51.602 29645 29844 I chatty  : uid=10198(com.tem.gettogether) expire 14 lines
08-29 18:37:51.619  1471  1664 I chatty  : uid=1000(system) NetworkStats expire 4 lines
08-29 18:37:51.620  2714  2725 I chatty  : uid=1000(system) Binder_1 expire 1 line
08-29 18:37:51.624  1471  1664 D NetworkStats: begin setGlobalAlert
08-29 18:37:51.626  1471  1664 D NetworkStats: after setGlobalAlert
08-29 18:37:51.752 29645 29855 I chatty  : uid=10198(com.tem.gettogether) expire 12 lines
08-29 18:37:54.413 28729 28862 I chatty  : uid=1000(system) Timer-0 expire 60 lines
08-29 18:38:00.033 26233 26233 D Kgd.KeyguardUpdateMonitor: mTimeTickBroadcastReceiver current state is mBootCompleted=true mDeviceProvisioned=true mPhoneState=0 Keyguard.isShowing = false Keyguard.isOccluded = false mScreenOn=true
08-29 18:38:02.718  3612  3624 I chatty  : uid=0(root) /system/vendor/bin/perfd expire 43 lines
08-29 18:38:02.885 10343 10405 D WorkerThreadMonitor: Kill MSF check result[ senderSize:0,sendInterval:10087398,receiveInterval=10087397,addCmdCount=0
08-29 18:38:13.118   807   807 I chatty  : uid=9999(nobody) /system/bin/msm_irqbalance expire 13 lines
08-29 18:38:45.688  7927  7989 D WorkerThreadMonitor: Kill MSF check result[ senderSize:0,sendInterval:11348934,receiveInterval=11348933,addCmdCount=0
08-29 18:38:46.053  3612  3624 I chatty  : uid=0(root) /system/vendor/bin/perfd expire 48 lines
08-29 18:38:48.116   807   807 I chatty  : uid=9999(nobody) /system/bin/msm_irqbalance expire 11 lines
08-29 18:38:54.419 28729 28862 I chatty  : uid=1000(system) Timer-0 expire 60 lines
08-29 18:39:00.039 26233 26233 D Kgd.KeyguardUpdateMonitor: mTimeTickBroadcastReceiver current state is mBootCompleted=true mDeviceProvisioned=true mPhoneState=0 Keyguard.isShowing = false Keyguard.isOccluded = false mScreenOn=true
08-29 18:39:02.954 10343 10405 D WorkerThreadMonitor: Kill MSF check result[ senderSize:0,sendInterval:10147467,receiveInterval=10147466,addCmdCount=0
08-29 18:39:08.425 29549 29573 I chatty  : uid=10198(com.tem.gettogether) expire 10 lines
08-29 18:39:13.119   807   807 I chatty  : uid=9999(nobody) /system/bin/msm_irqbalance expire 13 lines
08-29 18:39:34.206  3612  3624 I chatty  : uid=0(root) /system/vendor/bin/perfd expire 12 lines
08-29 18:39:45.734  7927  7989 D WorkerThreadMonitor: Kill MSF check result[ senderSize:0,sendInterval:11408980,receiveInterval=11408979,addCmdCount=0
08-29 18:39:46.246  3612  3624 I chatty  : uid=0(root) /system/vendor/bin/perfd expire 17 lines
08-29 18:39:48.117   807   807 I chatty  : uid=9999(nobody) /system/bin/msm_irqbalance expire 10 lines
08-29 18:39:54.420 28729 28862 I chatty  : uid=1000(system) Timer-0 expire 60 lines
08-29 18:40:00.037 26233 26233 D Kgd.KeyguardUpdateMonitor: mTimeTickBroadcastReceiver current state is mBootCompleted=true mDeviceProvisioned=true mPhoneState=0 Keyguard.isShowing = false Keyguard.isOccluded = false mScreenOn=true
08-29 18:40:02.971 10343 10405 D WorkerThreadMonitor: Kill MSF check result[ senderSize:0,sendInterval:10207484,receiveInterval=10207483,addCmdCount=0
08-29 18:40:03.100  3612  3624 I chatty  : uid=0(root) /system/vendor/bin/perfd expire 43 lines
08-29 18:40:13.116   807   807 I chatty  : uid=9999(nobody) /system/bin/msm_irqbalance expire 14 lines
08-29 18:40:45.795  7927  7989 D WorkerThreadMonitor: Kill MSF check result[ senderSize:0,sendInterval:11469040,receiveInterval=11469039,addCmdCount=0
08-29 18:40:46.434  3612  3624 I chatty  : uid=0(root) /system/vendor/bin/perfd expire 35 lines
08-29 18:40:48.117   807   807 I chatty  : uid=9999(nobody) /system/bin/msm_irqbalance expire 11 lines
08-29 18:40:54.426 28729 28862 I chatty  : uid=1000(system) Timer-0 expire 36 lines
08-29 18:41:00.040 26233 26233 D Kgd.KeyguardUpdateMonitor: mTimeTickBroadcastReceiver current state is mBootCompleted=true mDeviceProvisioned=true mPhoneState=0 Keyguard.isShowing = false Keyguard.isOccluded = false mScreenOn=true
08-29 18:41:03.033 10343 10405 D WorkerThreadMonitor: Kill MSF check result[ senderSize:0,sendInterval:10267546,receiveInterval=10267545,addCmdCount=0
08-29 18:41:13.117   807   807 I chatty  : uid=9999(nobody) /system/bin/msm_irqbalance expire 2 lines
08-29 18:41:18.119   807   807 I MSM-irqbalance: Decided to move IRQ3 from CPU0 [P:0] to CPU4 [P:1] (banned)
08-29 18:41:21.341  3612  3624 I chatty  : uid=0(root) /system/vendor/bin/perfd expire 12 lines
08-29 18:41:23.117   807   807 I MSM-irqbalance: Decided to move IRQ5 from CPU0 [P:0] to CPU4 [P:1] (banned)
08-29 18:41:23.118   807   807 I MSM-irqbalance: Decided to move IRQ3 from CPU0 [P:0] to CPU4 [P:1] (banned)
08-29 18:41:28.117   807   807 I MSM-irqbalance: Decided to move IRQ5 from CPU0 [P:0] to CPU4 [P:1] (banned)
08-29 18:41:28.118   807   807 I MSM-irqbalance: Decided to move IRQ3 from CPU0 [P:0] to CPU4 [P:1] (banned)
08-29 18:41:30.429 28729 28862 I chatty  : uid=1000(system) Timer-0 expire 16 lines
08-29 18:41:33.116   807   807 I MSM-irqbalance: Decided to move IRQ5 from CPU0 [P:0] to CPU4 [P:1] (banned)
08-29 18:41:33.117   807   807 I MSM-irqbalance: Decided to move IRQ3 from CPU0 [P:0] to CPU4 [P:1] (banned)
08-29 18:41:33.377  3612  3624 I chatty  : uid=0(root) /system/vendor/bin/perfd expire 13 lines
08-29 18:41:38.118   807   807 I MSM-irqbalance: Decided to move IRQ5 from CPU0 [P:0] to CPU4 [P:1] (banned)
08-29 18:41:38.119   807   807 I MSM-irqbalance: Decided to move IRQ3 from CPU0 [P:0] to CPU4 [P:1] (banned)
08-29 18:41:43.117   807   807 I MSM-irqbalance: Decided to move IRQ5 from CPU0 [P:0] to CPU4 [P:1] (banned)
08-29 18:41:43.117   807   807 I MSM-irqbalance: Decided to move IRQ3 from CPU0 [P:0] to CPU4 [P:1] (banned)
08-29 18:41:45.855  7927  7989 D WorkerThreadMonitor: Kill MSF check result[ senderSize:0,sendInterval:11529101,receiveInterval=11529100,addCmdCount=0
08-29 18:41:46.431 28729 28862 I chatty  : uid=1000(system) Timer-0 expire 12 lines
08-29 18:41:46.619  3612  3624 I chatty  : uid=0(root) /system/vendor/bin/perfd expire 17 lines
08-29 18:41:48.119   807   807 I MSM-irqbalance: Decided to move IRQ5 from CPU0 [P:0] to CPU4 [P:1] (banned)
08-29 18:41:48.119   807   807 I MSM-irqbalance: Decided to move IRQ3 from CPU0 [P:0] to CPU4 [P:1] (banned)
08-29 18:41:51.777  1471  1644 I ActivityManager: Start proc 30758:com.oppo.usercenter/u0a58 for service com.oppo.usercenter/.user.credits.service.SignNoticeService
08-29 18:41:52.018 30758 30758 I MultiDex: VM with version 2.1.0 has multidex support
08-29 18:41:52.018 30758 30758 I MultiDex: Installing application
08-29 18:41:52.018 30758 30758 I MultiDex: VM has multidex support, MultiDex support library is disabled.
08-29 18:41:52.229 30758 30773 I NearmeDatabase: query-operation cost time : 1
08-29 18:41:52.274 30758 30773 I MemTotal:        2919392 kB: MemTotal:	
08-29 18:41:52.274 30758 30773 I MemTotal:        2919392 kB: 2919392	
08-29 18:41:52.274 30758 30773 I MemTotal:        2919392 kB: kB	
08-29 18:41:52.276 30758 30773 W System.err: java.lang.ClassNotFoundException: com.android.id.impl.IdProviderImpl
08-29 18:41:52.279 30758 30773 W System.err: 	at java.lang.Class.classForName(Native Method)
08-29 18:41:52.279 30758 30773 W System.err: 	at java.lang.Class.forName(Class.java:324)
08-29 18:41:52.279 30758 30773 W System.err: 	at java.lang.Class.forName(Class.java:285)
08-29 18:41:52.279 30758 30773 W System.err: 	at com.oppo.usercenter.common.util.IdentifierManager.<clinit>(IdentifierManager.java:21)
08-29 18:41:52.279 30758 30773 W System.err: 	at com.oppo.usercenter.common.util.DeviceContext.<init>(DeviceContext.java:102)
08-29 18:41:52.279 30758 30773 W System.err: 	at com.oppo.usercenter.common.util.DeviceContext.getInstance(DeviceContext.java:25)
08-29 18:41:52.279 30758 30773 W System.err: 	at com.oppo.usercenter.user.credits.service.SignNoticeService.a(SignNoticeService.java:81)
08-29 18:41:52.279 30758 30773 W System.err: 	at com.oppo.usercenter.user.credits.service.SignNoticeService.onHandleIntent(SignNoticeService.java:54)
08-29 18:41:52.279 30758 30773 W System.err: 	at android.app.IntentService$ServiceHandler.handleMessage(IntentService.java:66)
08-29 18:41:52.279 30758 30773 W System.err: 	at android.os.Handler.dispatchMessage(Handler.java:102)
08-29 18:41:52.279 30758 30773 W System.err: 	at android.os.Looper.loop(Looper.java:179)
08-29 18:41:52.279 30758 30773 W System.err: 	at android.os.HandlerThread.run(HandlerThread.java:61)
08-29 18:41:52.280 30758 30773 W System.err: Caused by: java.lang.ClassNotFoundException: Didn't find class "com.android.id.impl.IdProviderImpl" on path: DexPathList[[zip file "/data/app/com.oppo.usercenter-2/base.apk"],nativeLibraryDirectories=[/data/app/com.oppo.usercenter-2/lib/arm, /data/app/com.oppo.usercenter-2/base.apk!/lib/armeabi, /vendor/lib, /system/lib]]
08-29 18:41:52.281 30758 30773 W System.err: 	at dalvik.system.BaseDexClassLoader.findClass(BaseDexClassLoader.java:56)
08-29 18:41:52.281 30758 30773 W System.err: 	at java.lang.ClassLoader.loadClass(ClassLoader.java:511)
08-29 18:41:52.281 30758 30773 W System.err: 	at java.lang.ClassLoader.loadClass(ClassLoader.java:469)
08-29 18:41:52.281 30758 30773 W System.err: 	... 12 more
08-29 18:41:52.281 30758 30773 W System.err: 	Suppressed: java.lang.ClassNotFoundException: com.android.id.impl.IdProviderImpl
08-29 18:41:52.281 30758 30773 W System.err: 		at java.lang.Class.classForName(Native Method)
08-29 18:41:52.281 30758 30773 W System.err: 		at java.lang.BootClassLoader.findClass(ClassLoader.java:781)
08-29 18:41:52.282 30758 30773 W System.err: 		at java.lang.BootClassLoader.loadClass(ClassLoader.java:841)
08-29 18:41:52.282 30758 30773 W System.err: 		at java.lang.ClassLoader.loadClass(ClassLoader.java:504)
08-29 18:41:52.282 30758 30773 W System.err: 		... 13 more
08-29 18:41:52.282 30758 30773 W System.err: 	Caused by: java.lang.NoClassDefFoundError: Class not found using the boot class loader; no stack trace available
08-29 18:41:52.356  2727  2737 E PhoneInterfaceManager: [PhoneIntfMgr] getIccId: ICC ID is null or empty.
08-29 18:41:52.474   695 30777 I chatty  : uid=0(root) /system/bin/netd expire 2 lines
08-29 18:41:52.506 30758 30776 D libc-netbsd: [getaddrinfo]:  hostname=icredits.oppomobile.com; servname=(null);   app_uid=10058; ai_addrlen=0; ai_canonname=(null); ai_flags=1024; ai_family=0 from prox result 0
08-29 18:41:52.509 30758 30776 I System.out: [socket] connection icredits.oppomobile.com/223.202.216.129:443;LocalPort=58802(30000)
08-29 18:41:52.921  1471  1471 V NotificationService: notifications sound are disabled by AppOps for com.oppo.usercenter
08-29 18:41:52.921  1471  1471 V NotificationService: notifications sound are disabled by AppOps for com.oppo.usercenter
08-29 18:41:53.118   807   807 I MSM-irqbalance: Decided to move IRQ5 from CPU0 [P:0] to CPU6 [P:1] (banned)
08-29 18:41:53.118   807   807 I MSM-irqbalance: Decided to move IRQ3 from CPU0 [P:0] to CPU4 [P:1] (banned)
08-29 18:41:53.118   807   807 I MSM-irqbalance: Decided to move IRQ5 from CPU1 [P:0] to CPU7 [P:1] (banned)
08-29 18:41:53.119   807   807 I MSM-irqbalance: Decided to move IRQ3 from CPU1 [P:0] to CPU5 [P:1] (banned)
08-29 18:41:58.117   807   807 I MSM-irqbalance: Decided to move IRQ5 from CPU0 [P:0] to CPU4 [P:1] (banned)
08-29 18:41:58.117   807   807 I MSM-irqbalance: Decided to move IRQ3 from CPU0 [P:0] to CPU4 [P:1] (banned)
08-29 18:41:58.433 28729 28862 I chatty  : uid=1000(system) Timer-0 expire 16 lines
08-29 18:42:00.050 26233 26233 D Kgd.KeyguardUpdateMonitor: mTimeTickBroadcastReceiver current state is mBootCompleted=true mDeviceProvisioned=true mPhoneState=0 Keyguard.isShowing = false Keyguard.isOccluded = false mScreenOn=true
08-29 18:42:03.094 10343 10405 D WorkerThreadMonitor: Kill MSF check result[ senderSize:0,sendInterval:10327607,receiveInterval=10327606,addCmdCount=0
08-29 18:42:03.116   807   807 I MSM-irqbalance: Decided to move IRQ5 from CPU0 [P:0] to CPU4 [P:1] (banned)
08-29 18:42:03.117   807   807 I MSM-irqbalance: Decided to move IRQ3 from CPU0 [P:0] to CPU4 [P:1] (banned)
08-29 18:42:03.473  3612  3624 I chatty  : uid=0(root) /system/vendor/bin/perfd expire 22 lines
08-29 18:42:08.117   807   807 I MSM-irqbalance: Decided to move IRQ5 from CPU0 [P:0] to CPU4 [P:1] (banned)
08-29 18:42:08.118   807   807 I MSM-irqbalance: Decided to move IRQ3 from CPU0 [P:0] to CPU4 [P:1] (banned)
08-29 18:42:13.117   807   807 I MSM-irqbalance: Decided to move IRQ5 from CPU0 [P:0] to CPU4 [P:1] (banned)
08-29 18:42:13.117   807   807 I MSM-irqbalance: Decided to move IRQ3 from CPU0 [P:0] to CPU4 [P:1] (banned)
08-29 18:42:14.439 28729 28862 I chatty  : uid=1000(system) Timer-0 expire 16 lines
08-29 18:42:18.117   807   807 I MSM-irqbalance: Decided to move IRQ5 from CPU0 [P:0] to CPU4 [P:1] (banned)
08-29 18:42:18.118   807   807 I MSM-irqbalance: Decided to move IRQ3 from CPU0 [P:0] to CPU4 [P:1] (banned)
08-29 18:42:23.117   807   807 I MSM-irqbalance: Decided to move IRQ5 from CPU0 [P:0] to CPU4 [P:1] (banned)
08-29 18:42:23.117   807   807 I MSM-irqbalance: Decided to move IRQ3 from CPU0 [P:0] to CPU4 [P:1] (banned)
08-29 18:42:25.547  3612  3624 I chatty  : uid=0(root) /system/vendor/bin/perfd expire 13 lines
08-29 18:42:28.117   807   807 I MSM-irqbalance: Decided to move IRQ5 from CPU0 [P:0] to CPU4 [P:1] (banned)
08-29 18:42:28.118   807   807 I MSM-irqbalance: Decided to move IRQ3 from CPU0 [P:0] to CPU4 [P:1] (banned)
08-29 18:42:30.436 28729 28862 I chatty  : uid=1000(system) Timer-0 expire 16 lines
08-29 18:42:33.116   807   807 I MSM-irqbalance: Decided to move IRQ5 from CPU0 [P:0] to CPU4 [P:1] (banned)
08-29 18:42:33.117   807   807 I MSM-irqbalance: Decided to move IRQ3 from CPU0 [P:0] to CPU4 [P:1] (banned)
08-29 18:42:38.117   807   807 I MSM-irqbalance: Decided to move IRQ5 from CPU0 [P:0] to CPU4 [P:1] (banned)
08-29 18:42:38.118   807   807 I MSM-irqbalance: Decided to move IRQ3 from CPU0 [P:0] to CPU4 [P:1] (banned)
08-29 18:42:38.791  3612  3624 I chatty  : uid=0(root) /system/vendor/bin/perfd expire 22 lines
08-29 18:42:43.116   807   807 I MSM-irqbalance: Decided to move IRQ5 from CPU0 [P:0] to CPU4 [P:1] (banned)
08-29 18:42:43.117   807   807 I MSM-irqbalance: Decided to move IRQ3 from CPU0 [P:0] to CPU4 [P:1] (banned)
08-29 18:42:45.916  7927  7989 D WorkerThreadMonitor: Kill MSF check result[ senderSize:0,sendInterval:11589161,receiveInterval=11589160,addCmdCount=0
08-29 18:42:46.438 28729 28862 I chatty  : uid=1000(system) Timer-0 expire 12 lines
08-29 18:42:48.117   807   807 I MSM-irqbalance: Decided to move IRQ5 from CPU0 [P:0] to CPU4 [P:1] (banned)
08-29 18:42:48.117   807   807 I MSM-irqbalance: Decided to move IRQ3 from CPU0 [P:0] to CPU4 [P:1] (banned)
08-29 18:42:49.124  1732  1740 I chatty  : uid=0(root) /system/bin/rutilsdaemon expire 10 lines
08-29 18:42:53.116   807   807 I MSM-irqbalance: Decided to move IRQ5 from CPU0 [P:0] to CPU4 [P:1] (banned)
08-29 18:42:53.117   807   807 I MSM-irqbalance: Decided to move IRQ3 from CPU0 [P:0] to CPU4 [P:1] (banned)
08-29 18:42:55.102  1471  2597 I chatty  : uid=1000(system) watchdog expire 14 lines
08-29 18:42:58.117   807   807 I MSM-irqbalance: Decided to move IRQ5 from CPU0 [P:0] to CPU4 [P:1] (banned)
08-29 18:42:58.118   807   807 I MSM-irqbalance: Decided to move IRQ3 from CPU0 [P:0] to CPU4 [P:1] (banned)
08-29 18:42:58.439 28729 28862 I chatty  : uid=1000(system) Timer-0 expire 16 lines
08-29 18:43:00.035 26233 26233 D Kgd.KeyguardUpdateMonitor: mTimeTickBroadcastReceiver current state is mBootCompleted=true mDeviceProvisioned=true mPhoneState=0 Keyguard.isShowing = false Keyguard.isOccluded = false mScreenOn=true
08-29 18:43:00.865  3612  3624 I chatty  : uid=0(root) /system/vendor/bin/perfd expire 13 lines
08-29 18:43:03.116   807   807 I MSM-irqbalance: Decided to move IRQ5 from CPU0 [P:0] to CPU4 [P:1] (banned)
08-29 18:43:03.117   807   807 I MSM-irqbalance: Decided to move IRQ3 from CPU0 [P:0] to CPU4 [P:1] (banned)
08-29 18:43:03.153 10343 10405 D WorkerThreadMonitor: Kill MSF check result[ senderSize:0,sendInterval:10387666,receiveInterval=10387665,addCmdCount=0
08-29 18:43:08.117   807   807 I MSM-irqbalance: Decided to move IRQ5 from CPU0 [P:0] to CPU4 [P:1] (banned)
08-29 18:43:08.117   807   807 I MSM-irqbalance: Decided to move IRQ3 from CPU0 [P:0] to CPU4 [P:1] (banned)
08-29 18:43:13.117   807   807 I MSM-irqbalance: Decided to move IRQ5 from CPU0 [P:0] to CPU4 [P:1] (banned)
08-29 18:43:13.117   807   807 I MSM-irqbalance: Decided to move IRQ3 from CPU0 [P:0] to CPU4 [P:1] (banned)
08-29 18:43:13.712  3612  3624 I chatty  : uid=0(root) /system/vendor/bin/perfd expire 17 lines
08-29 18:43:14.440 28729 28862 I chatty  : uid=1000(system) Timer-0 expire 16 lines
08-29 18:43:18.117   807   807 I MSM-irqbalance: Decided to move IRQ5 from CPU0 [P:0] to CPU4 [P:1] (banned)
08-29 18:43:18.118   807   807 I MSM-irqbalance: Decided to move IRQ3 from CPU0 [P:0] to CPU4 [P:1] (banned)
08-29 18:43:23.116   807   807 I MSM-irqbalance: Decided to move IRQ5 from CPU0 [P:0] to CPU4 [P:1] (banned)
08-29 18:43:23.116   807   807 I MSM-irqbalance: Decided to move IRQ3 from CPU0 [P:0] to CPU4 [P:1] (banned)
08-29 18:43:28.117   807   807 I MSM-irqbalance: Decided to move IRQ5 from CPU0 [P:0] to CPU4 [P:1] (banned)
08-29 18:43:28.117   807   807 I MSM-irqbalance: Decided to move IRQ3 from CPU0 [P:0] to CPU4 [P:1] (banned)
08-29 18:43:30.442 28729 28862 I chatty  : uid=1000(system) Timer-0 expire 16 lines
08-29 18:43:30.968  3612  3624 I chatty  : uid=0(root) /system/vendor/bin/perfd expire 23 lines
08-29 18:43:33.117   807   807 I MSM-irqbalance: Decided to move IRQ5 from CPU0 [P:0] to CPU4 [P:1] (banned)
08-29 18:43:33.117   807   807 I MSM-irqbalance: Decided to move IRQ3 from CPU0 [P:0] to CPU4 [P:1] (banned)
08-29 18:43:38.117   807   807 I MSM-irqbalance: Decided to move IRQ5 from CPU0 [P:0] to CPU4 [P:1] (banned)
08-29 18:43:38.118   807   807 I MSM-irqbalance: Decided to move IRQ3 from CPU0 [P:0] to CPU4 [P:1] (banned)
08-29 18:43:43.117   807   807 I MSM-irqbalance: Decided to move IRQ5 from CPU0 [P:0] to CPU4 [P:1] (banned)
08-29 18:43:43.117   807   807 I MSM-irqbalance: Decided to move IRQ3 from CPU0 [P:0] to CPU4 [P:1] (banned)
08-29 18:43:45.977  7927  7989 D WorkerThreadMonitor: Kill MSF check result[ senderSize:0,sendInterval:11649222,receiveInterval=11649221,addCmdCount=0
